Archive member included to satisfy reference by file (symbol)

d:/avr _atmel_app/7.0/toolchain/avr8/avr8-gnu-toolchain/bin/../lib/gcc/avr/5.4.0/../../../../avr/lib/avr5\libm.a(addsf3.o)
                              TIMER_PROGRAM.o (__subsf3)
d:/avr _atmel_app/7.0/toolchain/avr8/avr8-gnu-toolchain/bin/../lib/gcc/avr/5.4.0/../../../../avr/lib/avr5\libm.a(addsf3x.o)
                              d:/avr _atmel_app/7.0/toolchain/avr8/avr8-gnu-toolchain/bin/../lib/gcc/avr/5.4.0/../../../../avr/lib/avr5\libm.a(addsf3.o) (__addsf3x)
d:/avr _atmel_app/7.0/toolchain/avr8/avr8-gnu-toolchain/bin/../lib/gcc/avr/5.4.0/../../../../avr/lib/avr5\libm.a(cmpsf2.o)
                              TIMER_PROGRAM.o (__nesf2)
d:/avr _atmel_app/7.0/toolchain/avr8/avr8-gnu-toolchain/bin/../lib/gcc/avr/5.4.0/../../../../avr/lib/avr5\libm.a(divsf3.o)
                              TIMER_PROGRAM.o (__divsf3)
d:/avr _atmel_app/7.0/toolchain/avr8/avr8-gnu-toolchain/bin/../lib/gcc/avr/5.4.0/../../../../avr/lib/avr5\libm.a(divsf3x.o)
                              d:/avr _atmel_app/7.0/toolchain/avr8/avr8-gnu-toolchain/bin/../lib/gcc/avr/5.4.0/../../../../avr/lib/avr5\libm.a(divsf3.o) (__divsf3x)
d:/avr _atmel_app/7.0/toolchain/avr8/avr8-gnu-toolchain/bin/../lib/gcc/avr/5.4.0/../../../../avr/lib/avr5\libm.a(fixsfsi.o)
                              TIMER_PROGRAM.o (__fixsfsi)
d:/avr _atmel_app/7.0/toolchain/avr8/avr8-gnu-toolchain/bin/../lib/gcc/avr/5.4.0/../../../../avr/lib/avr5\libm.a(fixunssfsi.o)
                              lcd.o (__fixunssfsi)
d:/avr _atmel_app/7.0/toolchain/avr8/avr8-gnu-toolchain/bin/../lib/gcc/avr/5.4.0/../../../../avr/lib/avr5\libm.a(floatsisf.o)
                              TIMER_PROGRAM.o (__floatunsisf)
d:/avr _atmel_app/7.0/toolchain/avr8/avr8-gnu-toolchain/bin/../lib/gcc/avr/5.4.0/../../../../avr/lib/avr5\libm.a(fp_cmp.o)
                              d:/avr _atmel_app/7.0/toolchain/avr8/avr8-gnu-toolchain/bin/../lib/gcc/avr/5.4.0/../../../../avr/lib/avr5\libm.a(cmpsf2.o) (__fp_cmp)
d:/avr _atmel_app/7.0/toolchain/avr8/avr8-gnu-toolchain/bin/../lib/gcc/avr/5.4.0/../../../../avr/lib/avr5\libm.a(fp_inf.o)
                              d:/avr _atmel_app/7.0/toolchain/avr8/avr8-gnu-toolchain/bin/../lib/gcc/avr/5.4.0/../../../../avr/lib/avr5\libm.a(addsf3x.o) (__fp_inf)
d:/avr _atmel_app/7.0/toolchain/avr8/avr8-gnu-toolchain/bin/../lib/gcc/avr/5.4.0/../../../../avr/lib/avr5\libm.a(fp_nan.o)
                              d:/avr _atmel_app/7.0/toolchain/avr8/avr8-gnu-toolchain/bin/../lib/gcc/avr/5.4.0/../../../../avr/lib/avr5\libm.a(addsf3x.o) (__fp_nan)
d:/avr _atmel_app/7.0/toolchain/avr8/avr8-gnu-toolchain/bin/../lib/gcc/avr/5.4.0/../../../../avr/lib/avr5\libm.a(fp_pscA.o)
                              d:/avr _atmel_app/7.0/toolchain/avr8/avr8-gnu-toolchain/bin/../lib/gcc/avr/5.4.0/../../../../avr/lib/avr5\libm.a(addsf3x.o) (__fp_pscA)
d:/avr _atmel_app/7.0/toolchain/avr8/avr8-gnu-toolchain/bin/../lib/gcc/avr/5.4.0/../../../../avr/lib/avr5\libm.a(fp_pscB.o)
                              d:/avr _atmel_app/7.0/toolchain/avr8/avr8-gnu-toolchain/bin/../lib/gcc/avr/5.4.0/../../../../avr/lib/avr5\libm.a(addsf3x.o) (__fp_pscB)
d:/avr _atmel_app/7.0/toolchain/avr8/avr8-gnu-toolchain/bin/../lib/gcc/avr/5.4.0/../../../../avr/lib/avr5\libm.a(fp_round.o)
                              d:/avr _atmel_app/7.0/toolchain/avr8/avr8-gnu-toolchain/bin/../lib/gcc/avr/5.4.0/../../../../avr/lib/avr5\libm.a(addsf3.o) (__fp_round)
d:/avr _atmel_app/7.0/toolchain/avr8/avr8-gnu-toolchain/bin/../lib/gcc/avr/5.4.0/../../../../avr/lib/avr5\libm.a(fp_split3.o)
                              d:/avr _atmel_app/7.0/toolchain/avr8/avr8-gnu-toolchain/bin/../lib/gcc/avr/5.4.0/../../../../avr/lib/avr5\libm.a(addsf3x.o) (__fp_split3)
d:/avr _atmel_app/7.0/toolchain/avr8/avr8-gnu-toolchain/bin/../lib/gcc/avr/5.4.0/../../../../avr/lib/avr5\libm.a(fp_zero.o)
                              d:/avr _atmel_app/7.0/toolchain/avr8/avr8-gnu-toolchain/bin/../lib/gcc/avr/5.4.0/../../../../avr/lib/avr5\libm.a(addsf3x.o) (__fp_zero)
d:/avr _atmel_app/7.0/toolchain/avr8/avr8-gnu-toolchain/bin/../lib/gcc/avr/5.4.0/../../../../avr/lib/avr5\libm.a(gesf2.o)
                              lcd.o (__gtsf2)
d:/avr _atmel_app/7.0/toolchain/avr8/avr8-gnu-toolchain/bin/../lib/gcc/avr/5.4.0/../../../../avr/lib/avr5\libm.a(mulsf3.o)
                              lcd.o (__mulsf3)
d:/avr _atmel_app/7.0/toolchain/avr8/avr8-gnu-toolchain/bin/../lib/gcc/avr/5.4.0/../../../../avr/lib/avr5\libm.a(mulsf3x.o)
                              d:/avr _atmel_app/7.0/toolchain/avr8/avr8-gnu-toolchain/bin/../lib/gcc/avr/5.4.0/../../../../avr/lib/avr5\libm.a(mulsf3.o) (__mulsf3x)
d:/avr _atmel_app/7.0/toolchain/avr8/avr8-gnu-toolchain/bin/../lib/gcc/avr/5.4.0/avr5\libgcc.a(_mulsi3.o)
                              ADC_PROGRAM.o (__mulsi3)
d:/avr _atmel_app/7.0/toolchain/avr8/avr8-gnu-toolchain/bin/../lib/gcc/avr/5.4.0/avr5\libgcc.a(_udivmodhi4.o)
                              TIMER_PROGRAM.o (__udivmodhi4)
d:/avr _atmel_app/7.0/toolchain/avr8/avr8-gnu-toolchain/bin/../lib/gcc/avr/5.4.0/avr5\libgcc.a(_udivmodsi4.o)
                              ADC_PROGRAM.o (__udivmodsi4)
d:/avr _atmel_app/7.0/toolchain/avr8/avr8-gnu-toolchain/bin/../lib/gcc/avr/5.4.0/avr5\libgcc.a(_exit.o)
                              D:/avr _atmel_app/7.0/Packs/Atmel/ATmega_DFP/2.0.401/gcc/dev/atmega32/avr5/crtatmega32.o (exit)
d:/avr _atmel_app/7.0/toolchain/avr8/avr8-gnu-toolchain/bin/../lib/gcc/avr/5.4.0/avr5\libgcc.a(_copy_data.o)
                              ADC_PROGRAM.o (__do_copy_data)
d:/avr _atmel_app/7.0/toolchain/avr8/avr8-gnu-toolchain/bin/../lib/gcc/avr/5.4.0/avr5\libgcc.a(_clear_bss.o)
                              ADC_PROGRAM.o (__do_clear_bss)
d:/avr _atmel_app/7.0/toolchain/avr8/avr8-gnu-toolchain/bin/../lib/gcc/avr/5.4.0/avr5\libgcc.a(_umulhisi3.o)
                              lcd.o (__umulhisi3)
d:/avr _atmel_app/7.0/toolchain/avr8/avr8-gnu-toolchain/bin/../lib/gcc/avr/5.4.0/avr5\libgcc.a(_muluhisi3.o)
                              d:/avr _atmel_app/7.0/toolchain/avr8/avr8-gnu-toolchain/bin/../lib/gcc/avr/5.4.0/avr5\libgcc.a(_mulsi3.o) (__muluhisi3)

Allocating common symbols
Common symbol       size              file

On_time_Bwm         0x1               TIMER_PROGRAM.o
Off_Time_Bwm        0x1               TIMER_PROGRAM.o
counter             0x2               main.o
ret_pot             0x2               main.o
real_cov            0x4               TIMER_PROGRAM.o
ADC_RES             0x2               main.o

Discarded input sections

 .data          0x00000000        0x0 D:/avr _atmel_app/7.0/Packs/Atmel/ATmega_DFP/2.0.401/gcc/dev/atmega32/avr5/crtatmega32.o
 .bss           0x00000000        0x0 D:/avr _atmel_app/7.0/Packs/Atmel/ATmega_DFP/2.0.401/gcc/dev/atmega32/avr5/crtatmega32.o
 .group         0x00000000        0x8 ADC_PROGRAM.o
 .group         0x00000000        0x8 ADC_PROGRAM.o
 .group         0x00000000        0x8 ADC_PROGRAM.o
 .group         0x00000000        0x8 ADC_PROGRAM.o
 .group         0x00000000        0x8 ADC_PROGRAM.o
 .group         0x00000000        0x8 ADC_PROGRAM.o
 .text          0x00000000        0x0 ADC_PROGRAM.o
 .data          0x00000000        0x0 ADC_PROGRAM.o
 .bss           0x00000000        0x0 ADC_PROGRAM.o
 .text.ADC_VoidInit
                0x00000000       0x7c ADC_PROGRAM.o
 .text.ADC_U16StartConversionSync
                0x00000000      0x10a ADC_PROGRAM.o
 .text.ADC_U16StartConversionASync
                0x00000000       0xb4 ADC_PROGRAM.o
 .text.mapping  0x00000000       0xc8 ADC_PROGRAM.o
 .group         0x00000000        0x8 EXTI_PROGRAM.o
 .group         0x00000000        0x8 EXTI_PROGRAM.o
 .group         0x00000000        0x8 EXTI_PROGRAM.o
 .group         0x00000000        0x8 EXTI_PROGRAM.o
 .group         0x00000000        0x8 EXTI_PROGRAM.o
 .group         0x00000000        0x8 EXTI_PROGRAM.o
 .group         0x00000000        0x8 EXTI_PROGRAM.o
 .text          0x00000000        0x0 EXTI_PROGRAM.o
 .data          0x00000000        0x0 EXTI_PROGRAM.o
 .bss           0x00000000        0x0 EXTI_PROGRAM.o
 .text.EXTI_INT0_INIT
                0x00000000       0x46 EXTI_PROGRAM.o
 .text.EXTI_INT1_INIT
                0x00000000       0x46 EXTI_PROGRAM.o
 .text.EXTI_INT2_INIT
                0x00000000       0x34 EXTI_PROGRAM.o
 .text.EXTI_INT0_INIT_SENSE
                0x00000000       0xda EXTI_PROGRAM.o
 .text.EXTI_INT1_INIT_SENSE
                0x00000000       0xda EXTI_PROGRAM.o
 .text.EXTI_INT2_INIT_SENSE
                0x00000000       0x58 EXTI_PROGRAM.o
 .text.EXTI_INT_ENABLE
                0x00000000       0x70 EXTI_PROGRAM.o
 .text.EXTI_INT_DISABLE
                0x00000000       0x70 EXTI_PROGRAM.o
 .text.EXTI_U8INT0SETCALLBACK
                0x00000000       0x3a EXTI_PROGRAM.o
 .text.EXTI_U8INT1SETCALLBACK
                0x00000000       0x3a EXTI_PROGRAM.o
 .text.EXTI_U8INT2SETCALLBACK
                0x00000000       0x3a EXTI_PROGRAM.o
 .debug_macro   0x00000000      0xa4e EXTI_PROGRAM.o
 .debug_macro   0x00000000       0x22 EXTI_PROGRAM.o
 .debug_macro   0x00000000       0x22 EXTI_PROGRAM.o
 .group         0x00000000        0x8 GIE_PROGRAM.o
 .group         0x00000000        0x8 GIE_PROGRAM.o
 .group         0x00000000        0x8 GIE_PROGRAM.o
 .group         0x00000000        0x8 GIE_PROGRAM.o
 .text          0x00000000        0x0 GIE_PROGRAM.o
 .data          0x00000000        0x0 GIE_PROGRAM.o
 .bss           0x00000000        0x0 GIE_PROGRAM.o
 .text.GIE_DISABLE
                0x00000000       0x22 GIE_PROGRAM.o
 .debug_macro   0x00000000      0xa4e GIE_PROGRAM.o
 .debug_macro   0x00000000       0x22 GIE_PROGRAM.o
 .debug_macro   0x00000000       0x52 GIE_PROGRAM.o
 .group         0x00000000        0x8 GPIO.o
 .group         0x00000000        0x8 GPIO.o
 .group         0x00000000        0x8 GPIO.o
 .group         0x00000000        0x8 GPIO.o
 .group         0x00000000        0x8 GPIO.o
 .group         0x00000000        0x8 GPIO.o
 .group         0x00000000        0x8 GPIO.o
 .group         0x00000000        0x8 GPIO.o
 .text          0x00000000        0x0 GPIO.o
 .data          0x00000000        0x0 GPIO.o
 .bss           0x00000000        0x0 GPIO.o
 .text.gpio_set_port_direction
                0x00000000       0xae GPIO.o
 .text.gpio_set_pin_direction
                0x00000000      0x1b8 GPIO.o
 .text.gpio_set_pin_value
                0x00000000      0x1b8 GPIO.o
 .text.gpio_set_port_value
                0x00000000       0x6e GPIO.o
 .text.get_pin_value
                0x00000000       0xca GPIO.o
 .text.get_port_value
                0x00000000       0x6c GPIO.o
 .debug_info    0x00000000      0x1de GPIO.o
 .debug_abbrev  0x00000000       0xac GPIO.o
 .debug_loc     0x00000000      0x1b0 GPIO.o
 .debug_aranges
                0x00000000       0x48 GPIO.o
 .debug_ranges  0x00000000       0x38 GPIO.o
 .debug_macro   0x00000000       0x70 GPIO.o
 .debug_macro   0x00000000      0xa4e GPIO.o
 .debug_macro   0x00000000       0x10 GPIO.o
 .debug_macro   0x00000000      0x1c9 GPIO.o
 .debug_macro   0x00000000      0x2fc GPIO.o
 .debug_macro   0x00000000      0x166 GPIO.o
 .debug_macro   0x00000000       0x52 GPIO.o
 .debug_macro   0x00000000       0x22 GPIO.o
 .debug_macro   0x00000000       0x5e GPIO.o
 .debug_line    0x00000000      0x49a GPIO.o
 .debug_str     0x00000000     0x3fe2 GPIO.o
 .comment       0x00000000       0x31 GPIO.o
 .debug_frame   0x00000000       0xd4 GPIO.o
 .group         0x00000000        0x8 lcd.o
 .group         0x00000000        0x8 lcd.o
 .group         0x00000000        0x8 lcd.o
 .group         0x00000000        0x8 lcd.o
 .group         0x00000000        0x8 lcd.o
 .group         0x00000000        0x8 lcd.o
 .group         0x00000000        0x8 lcd.o
 .group         0x00000000        0x8 lcd.o
 .group         0x00000000        0x8 lcd.o
 .text          0x00000000        0x0 lcd.o
 .data          0x00000000        0x0 lcd.o
 .bss           0x00000000        0x0 lcd.o
 .text.spechial_char
                0x00000000       0x78 lcd.o
 .text.reverse_number
                0x00000000      0x1fa lcd.o
 .debug_macro   0x00000000      0xa4e lcd.o
 .debug_macro   0x00000000       0x10 lcd.o
 .debug_macro   0x00000000      0x1c9 lcd.o
 .debug_macro   0x00000000      0x2fc lcd.o
 .debug_macro   0x00000000      0x166 lcd.o
 .debug_macro   0x00000000       0x52 lcd.o
 .debug_macro   0x00000000       0x22 lcd.o
 .debug_macro   0x00000000       0x22 lcd.o
 .group         0x00000000        0x8 main.o
 .group         0x00000000        0x8 main.o
 .group         0x00000000        0x8 main.o
 .group         0x00000000        0x8 main.o
 .group         0x00000000        0x8 main.o
 .group         0x00000000        0x8 main.o
 .group         0x00000000        0x8 main.o
 .group         0x00000000        0x8 main.o
 .group         0x00000000        0x8 main.o
 .group         0x00000000        0x8 main.o
 .group         0x00000000        0x8 main.o
 .group         0x00000000        0x8 main.o
 .group         0x00000000        0x8 main.o
 .group         0x00000000        0x8 main.o
 .text          0x00000000        0x0 main.o
 .data          0x00000000        0x0 main.o
 .bss           0x00000000        0x0 main.o
 .bss.Res_Compare_Match
                0x00000000        0x2 main.o
 .text.led      0x00000000       0x54 main.o
 .text.led_OV   0x00000000       0xda main.o
 .text.led_Bwm  0x00000000       0x62 main.o
 .bss.counter.1870
                0x00000000        0x2 main.o
 .bss.counter.1874
                0x00000000        0x4 main.o
 .bss.counter.1879
                0x00000000        0x1 main.o
 .debug_macro   0x00000000      0xa4e main.o
 .debug_macro   0x00000000       0x22 main.o
 .debug_macro   0x00000000       0x22 main.o
 .debug_macro   0x00000000       0x52 main.o
 .debug_macro   0x00000000       0x10 main.o
 .debug_macro   0x00000000      0x1c9 main.o
 .debug_macro   0x00000000      0x2fc main.o
 .debug_macro   0x00000000      0x166 main.o
 .debug_macro   0x00000000       0x5e main.o
 .debug_macro   0x00000000      0x118 main.o
 COMMON         0x00000000        0x6 main.o
 .group         0x00000000        0x8 port_initilal.o
 .group         0x00000000        0x8 port_initilal.o
 .group         0x00000000        0x8 port_initilal.o
 .group         0x00000000        0x8 port_initilal.o
 .text          0x00000000        0x0 port_initilal.o
 .data          0x00000000        0x0 port_initilal.o
 .bss           0x00000000        0x0 port_initilal.o
 .debug_macro   0x00000000      0xa4e port_initilal.o
 .debug_macro   0x00000000       0x52 port_initilal.o
 .debug_macro   0x00000000      0x18a port_initilal.o
 .debug_macro   0x00000000       0x40 port_initilal.o
 .group         0x00000000        0x8 TIMER_PROGRAM.o
 .group         0x00000000        0x8 TIMER_PROGRAM.o
 .group         0x00000000        0x8 TIMER_PROGRAM.o
 .group         0x00000000        0x8 TIMER_PROGRAM.o
 .group         0x00000000        0x8 TIMER_PROGRAM.o
 .group         0x00000000        0x8 TIMER_PROGRAM.o
 .group         0x00000000        0x8 TIMER_PROGRAM.o
 .text          0x00000000        0x0 TIMER_PROGRAM.o
 .data          0x00000000        0x0 TIMER_PROGRAM.o
 .bss           0x00000000        0x0 TIMER_PROGRAM.o
 .text.Get_Real_Cov
                0x00000000       0x22 TIMER_PROGRAM.o
 .text.TIMER0_U8SetCallBack
                0x00000000       0x8a TIMER_PROGRAM.o
 .text.TIMER0_U8SetCallBackOV
                0x00000000      0x20c TIMER_PROGRAM.o
 .text.Timer0_U8BWM
                0x00000000      0x152 TIMER_PROGRAM.o
 .text.TIMER1_voidFast_Bwm
                0x00000000       0x64 TIMER_PROGRAM.o
 .text.Timer0_voidPhase_Correct
                0x00000000       0x68 TIMER_PROGRAM.o
 .text.Timer1_voidSetTimerValue
                0x00000000       0x28 TIMER_PROGRAM.o
 .debug_macro   0x00000000      0xa4e TIMER_PROGRAM.o
 .debug_macro   0x00000000       0x22 TIMER_PROGRAM.o
 .debug_macro   0x00000000       0x22 TIMER_PROGRAM.o
 .debug_macro   0x00000000       0x22 TIMER_PROGRAM.o
 COMMON         0x00000000        0x6 TIMER_PROGRAM.o
 .text          0x00000000        0x0 d:/avr _atmel_app/7.0/toolchain/avr8/avr8-gnu-toolchain/bin/../lib/gcc/avr/5.4.0/../../../../avr/lib/avr5\libm.a(addsf3.o)
 .data          0x00000000        0x0 d:/avr _atmel_app/7.0/toolchain/avr8/avr8-gnu-toolchain/bin/../lib/gcc/avr/5.4.0/../../../../avr/lib/avr5\libm.a(addsf3.o)
 .bss           0x00000000        0x0 d:/avr _atmel_app/7.0/toolchain/avr8/avr8-gnu-toolchain/bin/../lib/gcc/avr/5.4.0/../../../../avr/lib/avr5\libm.a(addsf3.o)
 .text.avr-libc.fplib
                0x00000000        0xe d:/avr _atmel_app/7.0/toolchain/avr8/avr8-gnu-toolchain/bin/../lib/gcc/avr/5.4.0/../../../../avr/lib/avr5\libm.a(addsf3.o)
 .text          0x00000000        0x0 d:/avr _atmel_app/7.0/toolchain/avr8/avr8-gnu-toolchain/bin/../lib/gcc/avr/5.4.0/../../../../avr/lib/avr5\libm.a(addsf3x.o)
 .data          0x00000000        0x0 d:/avr _atmel_app/7.0/toolchain/avr8/avr8-gnu-toolchain/bin/../lib/gcc/avr/5.4.0/../../../../avr/lib/avr5\libm.a(addsf3x.o)
 .bss           0x00000000        0x0 d:/avr _atmel_app/7.0/toolchain/avr8/avr8-gnu-toolchain/bin/../lib/gcc/avr/5.4.0/../../../../avr/lib/avr5\libm.a(addsf3x.o)
 .text.avr-libc.fplib
                0x00000000       0xcc d:/avr _atmel_app/7.0/toolchain/avr8/avr8-gnu-toolchain/bin/../lib/gcc/avr/5.4.0/../../../../avr/lib/avr5\libm.a(addsf3x.o)
 .text          0x00000000        0x0 d:/avr _atmel_app/7.0/toolchain/avr8/avr8-gnu-toolchain/bin/../lib/gcc/avr/5.4.0/../../../../avr/lib/avr5\libm.a(cmpsf2.o)
 .data          0x00000000        0x0 d:/avr _atmel_app/7.0/toolchain/avr8/avr8-gnu-toolchain/bin/../lib/gcc/avr/5.4.0/../../../../avr/lib/avr5\libm.a(cmpsf2.o)
 .bss           0x00000000        0x0 d:/avr _atmel_app/7.0/toolchain/avr8/avr8-gnu-toolchain/bin/../lib/gcc/avr/5.4.0/../../../../avr/lib/avr5\libm.a(cmpsf2.o)
 .text          0x00000000        0x0 d:/avr _atmel_app/7.0/toolchain/avr8/avr8-gnu-toolchain/bin/../lib/gcc/avr/5.4.0/../../../../avr/lib/avr5\libm.a(divsf3.o)
 .data          0x00000000        0x0 d:/avr _atmel_app/7.0/toolchain/avr8/avr8-gnu-toolchain/bin/../lib/gcc/avr/5.4.0/../../../../avr/lib/avr5\libm.a(divsf3.o)
 .bss           0x00000000        0x0 d:/avr _atmel_app/7.0/toolchain/avr8/avr8-gnu-toolchain/bin/../lib/gcc/avr/5.4.0/../../../../avr/lib/avr5\libm.a(divsf3.o)
 .text.avr-libc.fplib
                0x00000000        0x8 d:/avr _atmel_app/7.0/toolchain/avr8/avr8-gnu-toolchain/bin/../lib/gcc/avr/5.4.0/../../../../avr/lib/avr5\libm.a(divsf3.o)
 .text          0x00000000        0x0 d:/avr _atmel_app/7.0/toolchain/avr8/avr8-gnu-toolchain/bin/../lib/gcc/avr/5.4.0/../../../../avr/lib/avr5\libm.a(divsf3x.o)
 .data          0x00000000        0x0 d:/avr _atmel_app/7.0/toolchain/avr8/avr8-gnu-toolchain/bin/../lib/gcc/avr/5.4.0/../../../../avr/lib/avr5\libm.a(divsf3x.o)
 .bss           0x00000000        0x0 d:/avr _atmel_app/7.0/toolchain/avr8/avr8-gnu-toolchain/bin/../lib/gcc/avr/5.4.0/../../../../avr/lib/avr5\libm.a(divsf3x.o)
 .text.avr-libc.fplib
                0x00000000       0xdc d:/avr _atmel_app/7.0/toolchain/avr8/avr8-gnu-toolchain/bin/../lib/gcc/avr/5.4.0/../../../../avr/lib/avr5\libm.a(divsf3x.o)
 .text          0x00000000        0x0 d:/avr _atmel_app/7.0/toolchain/avr8/avr8-gnu-toolchain/bin/../lib/gcc/avr/5.4.0/../../../../avr/lib/avr5\libm.a(fixsfsi.o)
 .data          0x00000000        0x0 d:/avr _atmel_app/7.0/toolchain/avr8/avr8-gnu-toolchain/bin/../lib/gcc/avr/5.4.0/../../../../avr/lib/avr5\libm.a(fixsfsi.o)
 .bss           0x00000000        0x0 d:/avr _atmel_app/7.0/toolchain/avr8/avr8-gnu-toolchain/bin/../lib/gcc/avr/5.4.0/../../../../avr/lib/avr5\libm.a(fixsfsi.o)
 .text.avr-libc.fplib
                0x00000000        0xe d:/avr _atmel_app/7.0/toolchain/avr8/avr8-gnu-toolchain/bin/../lib/gcc/avr/5.4.0/../../../../avr/lib/avr5\libm.a(fixsfsi.o)
 .text          0x00000000        0x0 d:/avr _atmel_app/7.0/toolchain/avr8/avr8-gnu-toolchain/bin/../lib/gcc/avr/5.4.0/../../../../avr/lib/avr5\libm.a(fixunssfsi.o)
 .data          0x00000000        0x0 d:/avr _atmel_app/7.0/toolchain/avr8/avr8-gnu-toolchain/bin/../lib/gcc/avr/5.4.0/../../../../avr/lib/avr5\libm.a(fixunssfsi.o)
 .bss           0x00000000        0x0 d:/avr _atmel_app/7.0/toolchain/avr8/avr8-gnu-toolchain/bin/../lib/gcc/avr/5.4.0/../../../../avr/lib/avr5\libm.a(fixunssfsi.o)
 .text          0x00000000        0x0 d:/avr _atmel_app/7.0/toolchain/avr8/avr8-gnu-toolchain/bin/../lib/gcc/avr/5.4.0/../../../../avr/lib/avr5\libm.a(floatsisf.o)
 .data          0x00000000        0x0 d:/avr _atmel_app/7.0/toolchain/avr8/avr8-gnu-toolchain/bin/../lib/gcc/avr/5.4.0/../../../../avr/lib/avr5\libm.a(floatsisf.o)
 .bss           0x00000000        0x0 d:/avr _atmel_app/7.0/toolchain/avr8/avr8-gnu-toolchain/bin/../lib/gcc/avr/5.4.0/../../../../avr/lib/avr5\libm.a(floatsisf.o)
 .text.avr-libc.fplib
                0x00000000       0x7a d:/avr _atmel_app/7.0/toolchain/avr8/avr8-gnu-toolchain/bin/../lib/gcc/avr/5.4.0/../../../../avr/lib/avr5\libm.a(floatsisf.o)
 .text          0x00000000        0x0 d:/avr _atmel_app/7.0/toolchain/avr8/avr8-gnu-toolchain/bin/../lib/gcc/avr/5.4.0/../../../../avr/lib/avr5\libm.a(fp_cmp.o)
 .data          0x00000000        0x0 d:/avr _atmel_app/7.0/toolchain/avr8/avr8-gnu-toolchain/bin/../lib/gcc/avr/5.4.0/../../../../avr/lib/avr5\libm.a(fp_cmp.o)
 .bss           0x00000000        0x0 d:/avr _atmel_app/7.0/toolchain/avr8/avr8-gnu-toolchain/bin/../lib/gcc/avr/5.4.0/../../../../avr/lib/avr5\libm.a(fp_cmp.o)
 .text          0x00000000        0x0 d:/avr _atmel_app/7.0/toolchain/avr8/avr8-gnu-toolchain/bin/../lib/gcc/avr/5.4.0/../../../../avr/lib/avr5\libm.a(fp_inf.o)
 .data          0x00000000        0x0 d:/avr _atmel_app/7.0/toolchain/avr8/avr8-gnu-toolchain/bin/../lib/gcc/avr/5.4.0/../../../../avr/lib/avr5\libm.a(fp_inf.o)
 .bss           0x00000000        0x0 d:/avr _atmel_app/7.0/toolchain/avr8/avr8-gnu-toolchain/bin/../lib/gcc/avr/5.4.0/../../../../avr/lib/avr5\libm.a(fp_inf.o)
 .text          0x00000000        0x0 d:/avr _atmel_app/7.0/toolchain/avr8/avr8-gnu-toolchain/bin/../lib/gcc/avr/5.4.0/../../../../avr/lib/avr5\libm.a(fp_nan.o)
 .data          0x00000000        0x0 d:/avr _atmel_app/7.0/toolchain/avr8/avr8-gnu-toolchain/bin/../lib/gcc/avr/5.4.0/../../../../avr/lib/avr5\libm.a(fp_nan.o)
 .bss           0x00000000        0x0 d:/avr _atmel_app/7.0/toolchain/avr8/avr8-gnu-toolchain/bin/../lib/gcc/avr/5.4.0/../../../../avr/lib/avr5\libm.a(fp_nan.o)
 .text          0x00000000        0x0 d:/avr _atmel_app/7.0/toolchain/avr8/avr8-gnu-toolchain/bin/../lib/gcc/avr/5.4.0/../../../../avr/lib/avr5\libm.a(fp_pscA.o)
 .data          0x00000000        0x0 d:/avr _atmel_app/7.0/toolchain/avr8/avr8-gnu-toolchain/bin/../lib/gcc/avr/5.4.0/../../../../avr/lib/avr5\libm.a(fp_pscA.o)
 .bss           0x00000000        0x0 d:/avr _atmel_app/7.0/toolchain/avr8/avr8-gnu-toolchain/bin/../lib/gcc/avr/5.4.0/../../../../avr/lib/avr5\libm.a(fp_pscA.o)
 .text          0x00000000        0x0 d:/avr _atmel_app/7.0/toolchain/avr8/avr8-gnu-toolchain/bin/../lib/gcc/avr/5.4.0/../../../../avr/lib/avr5\libm.a(fp_pscB.o)
 .data          0x00000000        0x0 d:/avr _atmel_app/7.0/toolchain/avr8/avr8-gnu-toolchain/bin/../lib/gcc/avr/5.4.0/../../../../avr/lib/avr5\libm.a(fp_pscB.o)
 .bss           0x00000000        0x0 d:/avr _atmel_app/7.0/toolchain/avr8/avr8-gnu-toolchain/bin/../lib/gcc/avr/5.4.0/../../../../avr/lib/avr5\libm.a(fp_pscB.o)
 .text          0x00000000        0x0 d:/avr _atmel_app/7.0/toolchain/avr8/avr8-gnu-toolchain/bin/../lib/gcc/avr/5.4.0/../../../../avr/lib/avr5\libm.a(fp_round.o)
 .data          0x00000000        0x0 d:/avr _atmel_app/7.0/toolchain/avr8/avr8-gnu-toolchain/bin/../lib/gcc/avr/5.4.0/../../../../avr/lib/avr5\libm.a(fp_round.o)
 .bss           0x00000000        0x0 d:/avr _atmel_app/7.0/toolchain/avr8/avr8-gnu-toolchain/bin/../lib/gcc/avr/5.4.0/../../../../avr/lib/avr5\libm.a(fp_round.o)
 .text          0x00000000        0x0 d:/avr _atmel_app/7.0/toolchain/avr8/avr8-gnu-toolchain/bin/../lib/gcc/avr/5.4.0/../../../../avr/lib/avr5\libm.a(fp_split3.o)
 .data          0x00000000        0x0 d:/avr _atmel_app/7.0/toolchain/avr8/avr8-gnu-toolchain/bin/../lib/gcc/avr/5.4.0/../../../../avr/lib/avr5\libm.a(fp_split3.o)
 .bss           0x00000000        0x0 d:/avr _atmel_app/7.0/toolchain/avr8/avr8-gnu-toolchain/bin/../lib/gcc/avr/5.4.0/../../../../avr/lib/avr5\libm.a(fp_split3.o)
 .text          0x00000000        0x0 d:/avr _atmel_app/7.0/toolchain/avr8/avr8-gnu-toolchain/bin/../lib/gcc/avr/5.4.0/../../../../avr/lib/avr5\libm.a(fp_zero.o)
 .data          0x00000000        0x0 d:/avr _atmel_app/7.0/toolchain/avr8/avr8-gnu-toolchain/bin/../lib/gcc/avr/5.4.0/../../../../avr/lib/avr5\libm.a(fp_zero.o)
 .bss           0x00000000        0x0 d:/avr _atmel_app/7.0/toolchain/avr8/avr8-gnu-toolchain/bin/../lib/gcc/avr/5.4.0/../../../../avr/lib/avr5\libm.a(fp_zero.o)
 .text          0x00000000        0x0 d:/avr _atmel_app/7.0/toolchain/avr8/avr8-gnu-toolchain/bin/../lib/gcc/avr/5.4.0/../../../../avr/lib/avr5\libm.a(gesf2.o)
 .data          0x00000000        0x0 d:/avr _atmel_app/7.0/toolchain/avr8/avr8-gnu-toolchain/bin/../lib/gcc/avr/5.4.0/../../../../avr/lib/avr5\libm.a(gesf2.o)
 .bss           0x00000000        0x0 d:/avr _atmel_app/7.0/toolchain/avr8/avr8-gnu-toolchain/bin/../lib/gcc/avr/5.4.0/../../../../avr/lib/avr5\libm.a(gesf2.o)
 .text          0x00000000        0x0 d:/avr _atmel_app/7.0/toolchain/avr8/avr8-gnu-toolchain/bin/../lib/gcc/avr/5.4.0/../../../../avr/lib/avr5\libm.a(mulsf3.o)
 .data          0x00000000        0x0 d:/avr _atmel_app/7.0/toolchain/avr8/avr8-gnu-toolchain/bin/../lib/gcc/avr/5.4.0/../../../../avr/lib/avr5\libm.a(mulsf3.o)
 .bss           0x00000000        0x0 d:/avr _atmel_app/7.0/toolchain/avr8/avr8-gnu-toolchain/bin/../lib/gcc/avr/5.4.0/../../../../avr/lib/avr5\libm.a(mulsf3.o)
 .text          0x00000000        0x0 d:/avr _atmel_app/7.0/toolchain/avr8/avr8-gnu-toolchain/bin/../lib/gcc/avr/5.4.0/../../../../avr/lib/avr5\libm.a(mulsf3x.o)
 .data          0x00000000        0x0 d:/avr _atmel_app/7.0/toolchain/avr8/avr8-gnu-toolchain/bin/../lib/gcc/avr/5.4.0/../../../../avr/lib/avr5\libm.a(mulsf3x.o)
 .bss           0x00000000        0x0 d:/avr _atmel_app/7.0/toolchain/avr8/avr8-gnu-toolchain/bin/../lib/gcc/avr/5.4.0/../../../../avr/lib/avr5\libm.a(mulsf3x.o)
 .text          0x00000000        0x0 d:/avr _atmel_app/7.0/toolchain/avr8/avr8-gnu-toolchain/bin/../lib/gcc/avr/5.4.0/avr5\libgcc.a(_mulsi3.o)
 .data          0x00000000        0x0 d:/avr _atmel_app/7.0/toolchain/avr8/avr8-gnu-toolchain/bin/../lib/gcc/avr/5.4.0/avr5\libgcc.a(_mulsi3.o)
 .bss           0x00000000        0x0 d:/avr _atmel_app/7.0/toolchain/avr8/avr8-gnu-toolchain/bin/../lib/gcc/avr/5.4.0/avr5\libgcc.a(_mulsi3.o)
 .text.libgcc.mul
                0x00000000       0x20 d:/avr _atmel_app/7.0/toolchain/avr8/avr8-gnu-toolchain/bin/../lib/gcc/avr/5.4.0/avr5\libgcc.a(_mulsi3.o)
 .text.libgcc.div
                0x00000000        0x0 d:/avr _atmel_app/7.0/toolchain/avr8/avr8-gnu-toolchain/bin/../lib/gcc/avr/5.4.0/avr5\libgcc.a(_mulsi3.o)
 .text.libgcc   0x00000000        0x0 d:/avr _atmel_app/7.0/toolchain/avr8/avr8-gnu-toolchain/bin/../lib/gcc/avr/5.4.0/avr5\libgcc.a(_mulsi3.o)
 .text.libgcc.prologue
                0x00000000        0x0 d:/avr _atmel_app/7.0/toolchain/avr8/avr8-gnu-toolchain/bin/../lib/gcc/avr/5.4.0/avr5\libgcc.a(_mulsi3.o)
 .text.libgcc.builtins
                0x00000000        0x0 d:/avr _atmel_app/7.0/toolchain/avr8/avr8-gnu-toolchain/bin/../lib/gcc/avr/5.4.0/avr5\libgcc.a(_mulsi3.o)
 .text.libgcc.fmul
                0x00000000        0x0 d:/avr _atmel_app/7.0/toolchain/avr8/avr8-gnu-toolchain/bin/../lib/gcc/avr/5.4.0/avr5\libgcc.a(_mulsi3.o)
 .text.libgcc.fixed
                0x00000000        0x0 d:/avr _atmel_app/7.0/toolchain/avr8/avr8-gnu-toolchain/bin/../lib/gcc/avr/5.4.0/avr5\libgcc.a(_mulsi3.o)
 .text          0x00000000        0x0 d:/avr _atmel_app/7.0/toolchain/avr8/avr8-gnu-toolchain/bin/../lib/gcc/avr/5.4.0/avr5\libgcc.a(_udivmodhi4.o)
 .data          0x00000000        0x0 d:/avr _atmel_app/7.0/toolchain/avr8/avr8-gnu-toolchain/bin/../lib/gcc/avr/5.4.0/avr5\libgcc.a(_udivmodhi4.o)
 .bss           0x00000000        0x0 d:/avr _atmel_app/7.0/toolchain/avr8/avr8-gnu-toolchain/bin/../lib/gcc/avr/5.4.0/avr5\libgcc.a(_udivmodhi4.o)
 .text.libgcc.mul
                0x00000000        0x0 d:/avr _atmel_app/7.0/toolchain/avr8/avr8-gnu-toolchain/bin/../lib/gcc/avr/5.4.0/avr5\libgcc.a(_udivmodhi4.o)
 .text.libgcc.div
                0x00000000       0x28 d:/avr _atmel_app/7.0/toolchain/avr8/avr8-gnu-toolchain/bin/../lib/gcc/avr/5.4.0/avr5\libgcc.a(_udivmodhi4.o)
 .text.libgcc   0x00000000        0x0 d:/avr _atmel_app/7.0/toolchain/avr8/avr8-gnu-toolchain/bin/../lib/gcc/avr/5.4.0/avr5\libgcc.a(_udivmodhi4.o)
 .text.libgcc.prologue
                0x00000000        0x0 d:/avr _atmel_app/7.0/toolchain/avr8/avr8-gnu-toolchain/bin/../lib/gcc/avr/5.4.0/avr5\libgcc.a(_udivmodhi4.o)
 .text.libgcc.builtins
                0x00000000        0x0 d:/avr _atmel_app/7.0/toolchain/avr8/avr8-gnu-toolchain/bin/../lib/gcc/avr/5.4.0/avr5\libgcc.a(_udivmodhi4.o)
 .text.libgcc.fmul
                0x00000000        0x0 d:/avr _atmel_app/7.0/toolchain/avr8/avr8-gnu-toolchain/bin/../lib/gcc/avr/5.4.0/avr5\libgcc.a(_udivmodhi4.o)
 .text.libgcc.fixed
                0x00000000        0x0 d:/avr _atmel_app/7.0/toolchain/avr8/avr8-gnu-toolchain/bin/../lib/gcc/avr/5.4.0/avr5\libgcc.a(_udivmodhi4.o)
 .text          0x00000000        0x0 d:/avr _atmel_app/7.0/toolchain/avr8/avr8-gnu-toolchain/bin/../lib/gcc/avr/5.4.0/avr5\libgcc.a(_udivmodsi4.o)
 .data          0x00000000        0x0 d:/avr _atmel_app/7.0/toolchain/avr8/avr8-gnu-toolchain/bin/../lib/gcc/avr/5.4.0/avr5\libgcc.a(_udivmodsi4.o)
 .bss           0x00000000        0x0 d:/avr _atmel_app/7.0/toolchain/avr8/avr8-gnu-toolchain/bin/../lib/gcc/avr/5.4.0/avr5\libgcc.a(_udivmodsi4.o)
 .text.libgcc.mul
                0x00000000        0x0 d:/avr _atmel_app/7.0/toolchain/avr8/avr8-gnu-toolchain/bin/../lib/gcc/avr/5.4.0/avr5\libgcc.a(_udivmodsi4.o)
 .text.libgcc.div
                0x00000000       0x44 d:/avr _atmel_app/7.0/toolchain/avr8/avr8-gnu-toolchain/bin/../lib/gcc/avr/5.4.0/avr5\libgcc.a(_udivmodsi4.o)
 .text.libgcc   0x00000000        0x0 d:/avr _atmel_app/7.0/toolchain/avr8/avr8-gnu-toolchain/bin/../lib/gcc/avr/5.4.0/avr5\libgcc.a(_udivmodsi4.o)
 .text.libgcc.prologue
                0x00000000        0x0 d:/avr _atmel_app/7.0/toolchain/avr8/avr8-gnu-toolchain/bin/../lib/gcc/avr/5.4.0/avr5\libgcc.a(_udivmodsi4.o)
 .text.libgcc.builtins
                0x00000000        0x0 d:/avr _atmel_app/7.0/toolchain/avr8/avr8-gnu-toolchain/bin/../lib/gcc/avr/5.4.0/avr5\libgcc.a(_udivmodsi4.o)
 .text.libgcc.fmul
                0x00000000        0x0 d:/avr _atmel_app/7.0/toolchain/avr8/avr8-gnu-toolchain/bin/../lib/gcc/avr/5.4.0/avr5\libgcc.a(_udivmodsi4.o)
 .text.libgcc.fixed
                0x00000000        0x0 d:/avr _atmel_app/7.0/toolchain/avr8/avr8-gnu-toolchain/bin/../lib/gcc/avr/5.4.0/avr5\libgcc.a(_udivmodsi4.o)
 .text          0x00000000        0x0 d:/avr _atmel_app/7.0/toolchain/avr8/avr8-gnu-toolchain/bin/../lib/gcc/avr/5.4.0/avr5\libgcc.a(_exit.o)
 .data          0x00000000        0x0 d:/avr _atmel_app/7.0/toolchain/avr8/avr8-gnu-toolchain/bin/../lib/gcc/avr/5.4.0/avr5\libgcc.a(_exit.o)
 .bss           0x00000000        0x0 d:/avr _atmel_app/7.0/toolchain/avr8/avr8-gnu-toolchain/bin/../lib/gcc/avr/5.4.0/avr5\libgcc.a(_exit.o)
 .text.libgcc.mul
                0x00000000        0x0 d:/avr _atmel_app/7.0/toolchain/avr8/avr8-gnu-toolchain/bin/../lib/gcc/avr/5.4.0/avr5\libgcc.a(_exit.o)
 .text.libgcc.div
                0x00000000        0x0 d:/avr _atmel_app/7.0/toolchain/avr8/avr8-gnu-toolchain/bin/../lib/gcc/avr/5.4.0/avr5\libgcc.a(_exit.o)
 .text.libgcc   0x00000000        0x0 d:/avr _atmel_app/7.0/toolchain/avr8/avr8-gnu-toolchain/bin/../lib/gcc/avr/5.4.0/avr5\libgcc.a(_exit.o)
 .text.libgcc.prologue
                0x00000000        0x0 d:/avr _atmel_app/7.0/toolchain/avr8/avr8-gnu-toolchain/bin/../lib/gcc/avr/5.4.0/avr5\libgcc.a(_exit.o)
 .text.libgcc.builtins
                0x00000000        0x0 d:/avr _atmel_app/7.0/toolchain/avr8/avr8-gnu-toolchain/bin/../lib/gcc/avr/5.4.0/avr5\libgcc.a(_exit.o)
 .text.libgcc.fmul
                0x00000000        0x0 d:/avr _atmel_app/7.0/toolchain/avr8/avr8-gnu-toolchain/bin/../lib/gcc/avr/5.4.0/avr5\libgcc.a(_exit.o)
 .text.libgcc.fixed
                0x00000000        0x0 d:/avr _atmel_app/7.0/toolchain/avr8/avr8-gnu-toolchain/bin/../lib/gcc/avr/5.4.0/avr5\libgcc.a(_exit.o)
 .text          0x00000000        0x0 d:/avr _atmel_app/7.0/toolchain/avr8/avr8-gnu-toolchain/bin/../lib/gcc/avr/5.4.0/avr5\libgcc.a(_copy_data.o)
 .data          0x00000000        0x0 d:/avr _atmel_app/7.0/toolchain/avr8/avr8-gnu-toolchain/bin/../lib/gcc/avr/5.4.0/avr5\libgcc.a(_copy_data.o)
 .bss           0x00000000        0x0 d:/avr _atmel_app/7.0/toolchain/avr8/avr8-gnu-toolchain/bin/../lib/gcc/avr/5.4.0/avr5\libgcc.a(_copy_data.o)
 .text.libgcc.mul
                0x00000000        0x0 d:/avr _atmel_app/7.0/toolchain/avr8/avr8-gnu-toolchain/bin/../lib/gcc/avr/5.4.0/avr5\libgcc.a(_copy_data.o)
 .text.libgcc.div
                0x00000000        0x0 d:/avr _atmel_app/7.0/toolchain/avr8/avr8-gnu-toolchain/bin/../lib/gcc/avr/5.4.0/avr5\libgcc.a(_copy_data.o)
 .text.libgcc   0x00000000        0x0 d:/avr _atmel_app/7.0/toolchain/avr8/avr8-gnu-toolchain/bin/../lib/gcc/avr/5.4.0/avr5\libgcc.a(_copy_data.o)
 .text.libgcc.prologue
                0x00000000        0x0 d:/avr _atmel_app/7.0/toolchain/avr8/avr8-gnu-toolchain/bin/../lib/gcc/avr/5.4.0/avr5\libgcc.a(_copy_data.o)
 .text.libgcc.builtins
                0x00000000        0x0 d:/avr _atmel_app/7.0/toolchain/avr8/avr8-gnu-toolchain/bin/../lib/gcc/avr/5.4.0/avr5\libgcc.a(_copy_data.o)
 .text.libgcc.fmul
                0x00000000        0x0 d:/avr _atmel_app/7.0/toolchain/avr8/avr8-gnu-toolchain/bin/../lib/gcc/avr/5.4.0/avr5\libgcc.a(_copy_data.o)
 .text.libgcc.fixed
                0x00000000        0x0 d:/avr _atmel_app/7.0/toolchain/avr8/avr8-gnu-toolchain/bin/../lib/gcc/avr/5.4.0/avr5\libgcc.a(_copy_data.o)
 .text          0x00000000        0x0 d:/avr _atmel_app/7.0/toolchain/avr8/avr8-gnu-toolchain/bin/../lib/gcc/avr/5.4.0/avr5\libgcc.a(_clear_bss.o)
 .data          0x00000000        0x0 d:/avr _atmel_app/7.0/toolchain/avr8/avr8-gnu-toolchain/bin/../lib/gcc/avr/5.4.0/avr5\libgcc.a(_clear_bss.o)
 .bss           0x00000000        0x0 d:/avr _atmel_app/7.0/toolchain/avr8/avr8-gnu-toolchain/bin/../lib/gcc/avr/5.4.0/avr5\libgcc.a(_clear_bss.o)
 .text.libgcc.mul
                0x00000000        0x0 d:/avr _atmel_app/7.0/toolchain/avr8/avr8-gnu-toolchain/bin/../lib/gcc/avr/5.4.0/avr5\libgcc.a(_clear_bss.o)
 .text.libgcc.div
                0x00000000        0x0 d:/avr _atmel_app/7.0/toolchain/avr8/avr8-gnu-toolchain/bin/../lib/gcc/avr/5.4.0/avr5\libgcc.a(_clear_bss.o)
 .text.libgcc   0x00000000        0x0 d:/avr _atmel_app/7.0/toolchain/avr8/avr8-gnu-toolchain/bin/../lib/gcc/avr/5.4.0/avr5\libgcc.a(_clear_bss.o)
 .text.libgcc.prologue
                0x00000000        0x0 d:/avr _atmel_app/7.0/toolchain/avr8/avr8-gnu-toolchain/bin/../lib/gcc/avr/5.4.0/avr5\libgcc.a(_clear_bss.o)
 .text.libgcc.builtins
                0x00000000        0x0 d:/avr _atmel_app/7.0/toolchain/avr8/avr8-gnu-toolchain/bin/../lib/gcc/avr/5.4.0/avr5\libgcc.a(_clear_bss.o)
 .text.libgcc.fmul
                0x00000000        0x0 d:/avr _atmel_app/7.0/toolchain/avr8/avr8-gnu-toolchain/bin/../lib/gcc/avr/5.4.0/avr5\libgcc.a(_clear_bss.o)
 .text.libgcc.fixed
                0x00000000        0x0 d:/avr _atmel_app/7.0/toolchain/avr8/avr8-gnu-toolchain/bin/../lib/gcc/avr/5.4.0/avr5\libgcc.a(_clear_bss.o)
 .text          0x00000000        0x0 d:/avr _atmel_app/7.0/toolchain/avr8/avr8-gnu-toolchain/bin/../lib/gcc/avr/5.4.0/avr5\libgcc.a(_umulhisi3.o)
 .data          0x00000000        0x0 d:/avr _atmel_app/7.0/toolchain/avr8/avr8-gnu-toolchain/bin/../lib/gcc/avr/5.4.0/avr5\libgcc.a(_umulhisi3.o)
 .bss           0x00000000        0x0 d:/avr _atmel_app/7.0/toolchain/avr8/avr8-gnu-toolchain/bin/../lib/gcc/avr/5.4.0/avr5\libgcc.a(_umulhisi3.o)
 .text.libgcc.div
                0x00000000        0x0 d:/avr _atmel_app/7.0/toolchain/avr8/avr8-gnu-toolchain/bin/../lib/gcc/avr/5.4.0/avr5\libgcc.a(_umulhisi3.o)
 .text.libgcc   0x00000000        0x0 d:/avr _atmel_app/7.0/toolchain/avr8/avr8-gnu-toolchain/bin/../lib/gcc/avr/5.4.0/avr5\libgcc.a(_umulhisi3.o)
 .text.libgcc.prologue
                0x00000000        0x0 d:/avr _atmel_app/7.0/toolchain/avr8/avr8-gnu-toolchain/bin/../lib/gcc/avr/5.4.0/avr5\libgcc.a(_umulhisi3.o)
 .text.libgcc.builtins
                0x00000000        0x0 d:/avr _atmel_app/7.0/toolchain/avr8/avr8-gnu-toolchain/bin/../lib/gcc/avr/5.4.0/avr5\libgcc.a(_umulhisi3.o)
 .text.libgcc.fmul
                0x00000000        0x0 d:/avr _atmel_app/7.0/toolchain/avr8/avr8-gnu-toolchain/bin/../lib/gcc/avr/5.4.0/avr5\libgcc.a(_umulhisi3.o)
 .text.libgcc.fixed
                0x00000000        0x0 d:/avr _atmel_app/7.0/toolchain/avr8/avr8-gnu-toolchain/bin/../lib/gcc/avr/5.4.0/avr5\libgcc.a(_umulhisi3.o)
 .text          0x00000000        0x0 d:/avr _atmel_app/7.0/toolchain/avr8/avr8-gnu-toolchain/bin/../lib/gcc/avr/5.4.0/avr5\libgcc.a(_muluhisi3.o)
 .data          0x00000000        0x0 d:/avr _atmel_app/7.0/toolchain/avr8/avr8-gnu-toolchain/bin/../lib/gcc/avr/5.4.0/avr5\libgcc.a(_muluhisi3.o)
 .bss           0x00000000        0x0 d:/avr _atmel_app/7.0/toolchain/avr8/avr8-gnu-toolchain/bin/../lib/gcc/avr/5.4.0/avr5\libgcc.a(_muluhisi3.o)
 .text.libgcc.mul
                0x00000000       0x16 d:/avr _atmel_app/7.0/toolchain/avr8/avr8-gnu-toolchain/bin/../lib/gcc/avr/5.4.0/avr5\libgcc.a(_muluhisi3.o)
 .text.libgcc.div
                0x00000000        0x0 d:/avr _atmel_app/7.0/toolchain/avr8/avr8-gnu-toolchain/bin/../lib/gcc/avr/5.4.0/avr5\libgcc.a(_muluhisi3.o)
 .text.libgcc   0x00000000        0x0 d:/avr _atmel_app/7.0/toolchain/avr8/avr8-gnu-toolchain/bin/../lib/gcc/avr/5.4.0/avr5\libgcc.a(_muluhisi3.o)
 .text.libgcc.prologue
                0x00000000        0x0 d:/avr _atmel_app/7.0/toolchain/avr8/avr8-gnu-toolchain/bin/../lib/gcc/avr/5.4.0/avr5\libgcc.a(_muluhisi3.o)
 .text.libgcc.builtins
                0x00000000        0x0 d:/avr _atmel_app/7.0/toolchain/avr8/avr8-gnu-toolchain/bin/../lib/gcc/avr/5.4.0/avr5\libgcc.a(_muluhisi3.o)
 .text.libgcc.fmul
                0x00000000        0x0 d:/avr _atmel_app/7.0/toolchain/avr8/avr8-gnu-toolchain/bin/../lib/gcc/avr/5.4.0/avr5\libgcc.a(_muluhisi3.o)
 .text.libgcc.fixed
                0x00000000        0x0 d:/avr _atmel_app/7.0/toolchain/avr8/avr8-gnu-toolchain/bin/../lib/gcc/avr/5.4.0/avr5\libgcc.a(_muluhisi3.o)

Memory Configuration

Name             Origin             Length             Attributes
text             0x00000000         0x00008000         xr
data             0x00800060         0x00000800         rw !x
eeprom           0x00810000         0x00000400         rw !x
fuse             0x00820000         0x00000002         rw !x
lock             0x00830000         0x00000400         rw !x
signature        0x00840000         0x00000400         rw !x
user_signatures  0x00850000         0x00000400         rw !x
*default*        0x00000000         0xffffffff

Linker script and memory map

LOAD D:/avr _atmel_app/7.0/Packs/Atmel/ATmega_DFP/2.0.401/gcc/dev/atmega32/avr5/crtatmega32.o
LOAD ADC_PROGRAM.o
LOAD EXTI_PROGRAM.o
LOAD GIE_PROGRAM.o
LOAD GPIO.o
LOAD lcd.o
LOAD main.o
LOAD port_initilal.o
LOAD TIMER_PROGRAM.o
START GROUP
LOAD d:/avr _atmel_app/7.0/toolchain/avr8/avr8-gnu-toolchain/bin/../lib/gcc/avr/5.4.0/../../../../avr/lib/avr5\libm.a
END GROUP
START GROUP
LOAD d:/avr _atmel_app/7.0/toolchain/avr8/avr8-gnu-toolchain/bin/../lib/gcc/avr/5.4.0/avr5\libgcc.a
LOAD d:/avr _atmel_app/7.0/toolchain/avr8/avr8-gnu-toolchain/bin/../lib/gcc/avr/5.4.0/../../../../avr/lib/avr5\libm.a
LOAD d:/avr _atmel_app/7.0/toolchain/avr8/avr8-gnu-toolchain/bin/../lib/gcc/avr/5.4.0/../../../../avr/lib/avr5\libc.a
LOAD D:/avr _atmel_app/7.0/Packs/Atmel/ATmega_DFP/2.0.401/gcc/dev/atmega32/avr5\libatmega32.a
END GROUP
                0x00000000                __TEXT_REGION_ORIGIN__ = DEFINED (__TEXT_REGION_ORIGIN__)?__TEXT_REGION_ORIGIN__:0x0
                [0x00800060]                __DATA_REGION_ORIGIN__ = DEFINED (__DATA_REGION_ORIGIN__)?__DATA_REGION_ORIGIN__:0x800060
                [0x00008000]                __TEXT_REGION_LENGTH__ = DEFINED (__TEXT_REGION_LENGTH__)?__TEXT_REGION_LENGTH__:0x20000
                [0x00000800]                __DATA_REGION_LENGTH__ = DEFINED (__DATA_REGION_LENGTH__)?__DATA_REGION_LENGTH__:0xffa0
                [0x00000400]                __EEPROM_REGION_LENGTH__ = DEFINED (__EEPROM_REGION_LENGTH__)?__EEPROM_REGION_LENGTH__:0x10000
                [0x00000002]                __FUSE_REGION_LENGTH__ = DEFINED (__FUSE_REGION_LENGTH__)?__FUSE_REGION_LENGTH__:0x400
                0x00000400                __LOCK_REGION_LENGTH__ = DEFINED (__LOCK_REGION_LENGTH__)?__LOCK_REGION_LENGTH__:0x400
                0x00000400                __SIGNATURE_REGION_LENGTH__ = DEFINED (__SIGNATURE_REGION_LENGTH__)?__SIGNATURE_REGION_LENGTH__:0x400
                0x00000400                __USER_SIGNATURE_REGION_LENGTH__ = DEFINED (__USER_SIGNATURE_REGION_LENGTH__)?__USER_SIGNATURE_REGION_LENGTH__:0x400

.hash
 *(.hash)

.dynsym
 *(.dynsym)

.dynstr
 *(.dynstr)

.gnu.version
 *(.gnu.version)

.gnu.version_d
 *(.gnu.version_d)

.gnu.version_r
 *(.gnu.version_r)

.rel.init
 *(.rel.init)

.rela.init
 *(.rela.init)

.rel.text
 *(.rel.text)
 *(.rel.text.*)
 *(.rel.gnu.linkonce.t*)

.rela.text
 *(.rela.text)
 *(.rela.text.*)
 *(.rela.gnu.linkonce.t*)

.rel.fini
 *(.rel.fini)

.rela.fini
 *(.rela.fini)

.rel.rodata
 *(.rel.rodata)
 *(.rel.rodata.*)
 *(.rel.gnu.linkonce.r*)

.rela.rodata
 *(.rela.rodata)
 *(.rela.rodata.*)
 *(.rela.gnu.linkonce.r*)

.rel.data
 *(.rel.data)
 *(.rel.data.*)
 *(.rel.gnu.linkonce.d*)

.rela.data
 *(.rela.data)
 *(.rela.data.*)
 *(.rela.gnu.linkonce.d*)

.rel.ctors
 *(.rel.ctors)

.rela.ctors
 *(.rela.ctors)

.rel.dtors
 *(.rel.dtors)

.rela.dtors
 *(.rela.dtors)

.rel.got
 *(.rel.got)

.rela.got
 *(.rela.got)

.rel.bss
 *(.rel.bss)

.rela.bss
 *(.rela.bss)

.rel.plt
 *(.rel.plt)

.rela.plt
 *(.rela.plt)

.text           0x00000000     0x1660
 *(.vectors)
 .vectors       0x00000000       0x54 D:/avr _atmel_app/7.0/Packs/Atmel/ATmega_DFP/2.0.401/gcc/dev/atmega32/avr5/crtatmega32.o
                0x00000000                __vector_default
                0x00000000                __vectors
 *(.vectors)
 *(.progmem.gcc*)
                0x00000054                . = ALIGN (0x2)
                0x00000054                __trampolines_start = .
 *(.trampolines)
 .trampolines   0x00000054        0x0 linker stubs
 *(.trampolines*)
                0x00000054                __trampolines_end = .
 *libprintf_flt.a:*(.progmem.data)
 *libc.a:*(.progmem.data)
 *(.progmem*)
                0x00000054                . = ALIGN (0x2)
 *(.jumptables)
 *(.jumptables*)
 *(.lowtext)
 *(.lowtext*)
                0x00000054                __ctors_start = .
 *(.ctors)
                0x00000054                __ctors_end = .
                0x00000054                __dtors_start = .
 *(.dtors)
                0x00000054                __dtors_end = .
 SORT(*)(.ctors)
 SORT(*)(.dtors)
 *(.init0)
 .init0         0x00000054        0x0 D:/avr _atmel_app/7.0/Packs/Atmel/ATmega_DFP/2.0.401/gcc/dev/atmega32/avr5/crtatmega32.o
                0x00000054                __init
 *(.init0)
 *(.init1)
 *(.init1)
 *(.init2)
 .init2         0x00000054        0xc D:/avr _atmel_app/7.0/Packs/Atmel/ATmega_DFP/2.0.401/gcc/dev/atmega32/avr5/crtatmega32.o
 *(.init2)
 *(.init3)
 *(.init3)
 *(.init4)
 .init4         0x00000060       0x16 d:/avr _atmel_app/7.0/toolchain/avr8/avr8-gnu-toolchain/bin/../lib/gcc/avr/5.4.0/avr5\libgcc.a(_copy_data.o)
                0x00000060                __do_copy_data
 .init4         0x00000076       0x10 d:/avr _atmel_app/7.0/toolchain/avr8/avr8-gnu-toolchain/bin/../lib/gcc/avr/5.4.0/avr5\libgcc.a(_clear_bss.o)
                0x00000076                __do_clear_bss
 *(.init4)
 *(.init5)
 *(.init5)
 *(.init6)
 *(.init6)
 *(.init7)
 *(.init7)
 *(.init8)
 *(.init8)
 *(.init9)
 .init9         0x00000086        0x8 D:/avr _atmel_app/7.0/Packs/Atmel/ATmega_DFP/2.0.401/gcc/dev/atmega32/avr5/crtatmega32.o
 *(.init9)
 *(.text)
 .text          0x0000008e        0x4 D:/avr _atmel_app/7.0/Packs/Atmel/ATmega_DFP/2.0.401/gcc/dev/atmega32/avr5/crtatmega32.o
                0x0000008e                __vector_12
                0x0000008e                __bad_interrupt
                0x0000008e                __vector_13
                0x0000008e                __vector_17
                0x0000008e                __vector_19
                0x0000008e                __vector_7
                0x0000008e                __vector_5
                0x0000008e                __vector_4
                0x0000008e                __vector_9
                0x0000008e                __vector_15
                0x0000008e                __vector_8
                0x0000008e                __vector_14
                0x0000008e                __vector_18
                0x0000008e                __vector_20
                0x00000092                . = ALIGN (0x2)
 *(.text.*)
 .text.__vector_16
                0x00000092       0x92 ADC_PROGRAM.o
                0x00000092                __vector_16
 .text.__vector_1
                0x00000124       0x6e EXTI_PROGRAM.o
                0x00000124                __vector_1
 .text.__vector_2
                0x00000192       0x6e EXTI_PROGRAM.o
                0x00000192                __vector_2
 .text.__vector_3
                0x00000200       0x6e EXTI_PROGRAM.o
                0x00000200                __vector_3
 .text.GIE_ENABLE
                0x0000026e       0x22 GIE_PROGRAM.o
                0x0000026e                GIE_ENABLE
 .text.init_lcd
                0x00000290      0x546 lcd.o
                0x00000290                init_lcd
 .text.write_command
                0x000007d6       0x48 lcd.o
                0x000007d6                write_command
 .text.write_char
                0x0000081e       0x48 lcd.o
                0x0000081e                write_char
 .text.write_string
                0x00000866       0x86 lcd.o
                0x00000866                write_string
 .text.enable_tick
                0x000008ec      0x130 lcd.o
                0x000008ec                enable_tick
 .text.position_xy
                0x00000a1c       0x5c lcd.o
                0x00000a1c                position_xy
 .text.send_number_lcd
                0x00000a78      0x42c lcd.o
                0x00000a78                send_number_lcd
 .text.main     0x00000ea4       0x7c main.o
                0x00000ea4                main
 .text.ICU_HW   0x00000f20       0xa6 main.o
                0x00000f20                ICU_HW
 .text.direction_and_port_init
                0x00000fc6       0x58 port_initilal.o
                0x00000fc6                direction_and_port_init
 .text.TIMER0_VoidInit
                0x0000101e       0x7c TIMER_PROGRAM.o
                0x0000101e                TIMER0_VoidInit
 .text.TIMER1_VoidInit
                0x0000109a       0xc4 TIMER_PROGRAM.o
                0x0000109a                TIMER1_VoidInit
 .text.Timer0_voidFast_Bwm
                0x0000115e       0x68 TIMER_PROGRAM.o
                0x0000115e                Timer0_voidFast_Bwm
 .text.Timer1_voidSettrigger
                0x000011c6       0x54 TIMER_PROGRAM.o
                0x000011c6                Timer1_voidSettrigger
 .text.TIMER1_voidICUCallback
                0x0000121a       0x3a TIMER_PROGRAM.o
                0x0000121a                TIMER1_voidICUCallback
 .text.TIMER1_u8ISR_ICU_Mode
                0x00001254       0x52 TIMER_PROGRAM.o
                0x00001254                TIMER1_u8ISR_ICU_Mode
 .text.Timer1_U16ReadTimerValue
                0x000012a6       0x18 TIMER_PROGRAM.o
                0x000012a6                Timer1_U16ReadTimerValue
 .text.__vector_10
                0x000012be       0x6e TIMER_PROGRAM.o
                0x000012be                __vector_10
 .text.__vector_11
                0x0000132c       0x6e TIMER_PROGRAM.o
                0x0000132c                __vector_11
 .text.__vector_6
                0x0000139a       0x6e TIMER_PROGRAM.o
                0x0000139a                __vector_6
 .text.avr-libc.fplib
                0x00001408        0xa d:/avr _atmel_app/7.0/toolchain/avr8/avr8-gnu-toolchain/bin/../lib/gcc/avr/5.4.0/../../../../avr/lib/avr5\libm.a(cmpsf2.o)
                0x00001408                __nesf2
                0x00001408                __eqsf2
                0x00001408                __cmpsf2
                0x00001408                __ltsf2
                0x00001408                __lesf2
 .text.avr-libc.fplib
                0x00001412       0x5e d:/avr _atmel_app/7.0/toolchain/avr8/avr8-gnu-toolchain/bin/../lib/gcc/avr/5.4.0/../../../../avr/lib/avr5\libm.a(fixunssfsi.o)
                0x00001412                __fixunssfsi
 .text.avr-libc.fplib
                0x00001470       0x48 d:/avr _atmel_app/7.0/toolchain/avr8/avr8-gnu-toolchain/bin/../lib/gcc/avr/5.4.0/../../../../avr/lib/avr5\libm.a(fp_cmp.o)
                0x00001470                __fp_cmp
 .text.avr-libc.fplib
                0x000014b8        0xc d:/avr _atmel_app/7.0/toolchain/avr8/avr8-gnu-toolchain/bin/../lib/gcc/avr/5.4.0/../../../../avr/lib/avr5\libm.a(fp_inf.o)
                0x000014b8                __fp_inf
 .text.avr-libc.fplib
                0x000014c4        0x6 d:/avr _atmel_app/7.0/toolchain/avr8/avr8-gnu-toolchain/bin/../lib/gcc/avr/5.4.0/../../../../avr/lib/avr5\libm.a(fp_nan.o)
                0x000014c4                __fp_nan
 .text.avr-libc.fplib
                0x000014ca        0xe d:/avr _atmel_app/7.0/toolchain/avr8/avr8-gnu-toolchain/bin/../lib/gcc/avr/5.4.0/../../../../avr/lib/avr5\libm.a(fp_pscA.o)
                0x000014ca                __fp_pscA
 .text.avr-libc.fplib
                0x000014d8        0xe d:/avr _atmel_app/7.0/toolchain/avr8/avr8-gnu-toolchain/bin/../lib/gcc/avr/5.4.0/../../../../avr/lib/avr5\libm.a(fp_pscB.o)
                0x000014d8                __fp_pscB
 .text.avr-libc.fplib
                0x000014e6       0x22 d:/avr _atmel_app/7.0/toolchain/avr8/avr8-gnu-toolchain/bin/../lib/gcc/avr/5.4.0/../../../../avr/lib/avr5\libm.a(fp_round.o)
                0x000014e6                __fp_round
 .text.avr-libc.fplib
                0x00001508       0x44 d:/avr _atmel_app/7.0/toolchain/avr8/avr8-gnu-toolchain/bin/../lib/gcc/avr/5.4.0/../../../../avr/lib/avr5\libm.a(fp_split3.o)
                0x00001508                __fp_split3
                0x00001518                __fp_splitA
 .text.avr-libc.fplib
                0x0000154c        0xe d:/avr _atmel_app/7.0/toolchain/avr8/avr8-gnu-toolchain/bin/../lib/gcc/avr/5.4.0/../../../../avr/lib/avr5\libm.a(fp_zero.o)
                0x0000154c                __fp_zero
                0x0000154e                __fp_szero
 .text.avr-libc.fplib
                0x0000155a        0xa d:/avr _atmel_app/7.0/toolchain/avr8/avr8-gnu-toolchain/bin/../lib/gcc/avr/5.4.0/../../../../avr/lib/avr5\libm.a(gesf2.o)
                0x0000155a                __gesf2
                0x0000155a                __gtsf2
 .text.avr-libc.fplib
                0x00001564        0x8 d:/avr _atmel_app/7.0/toolchain/avr8/avr8-gnu-toolchain/bin/../lib/gcc/avr/5.4.0/../../../../avr/lib/avr5\libm.a(mulsf3.o)
                0x00001564                __mulsf3
 .text.avr-libc.fplib
                0x0000156c       0xd2 d:/avr _atmel_app/7.0/toolchain/avr8/avr8-gnu-toolchain/bin/../lib/gcc/avr/5.4.0/../../../../avr/lib/avr5\libm.a(mulsf3x.o)
                0x0000158a                __mulsf3x
                0x00001590                __mulsf3_pse
 .text.libgcc.mul
                0x0000163e       0x1e d:/avr _atmel_app/7.0/toolchain/avr8/avr8-gnu-toolchain/bin/../lib/gcc/avr/5.4.0/avr5\libgcc.a(_umulhisi3.o)
                0x0000163e                __umulhisi3
                0x0000165c                . = ALIGN (0x2)
 *(.fini9)
 .fini9         0x0000165c        0x0 d:/avr _atmel_app/7.0/toolchain/avr8/avr8-gnu-toolchain/bin/../lib/gcc/avr/5.4.0/avr5\libgcc.a(_exit.o)
                0x0000165c                _exit
                0x0000165c                exit
 *(.fini9)
 *(.fini8)
 *(.fini8)
 *(.fini7)
 *(.fini7)
 *(.fini6)
 *(.fini6)
 *(.fini5)
 *(.fini5)
 *(.fini4)
 *(.fini4)
 *(.fini3)
 *(.fini3)
 *(.fini2)
 *(.fini2)
 *(.fini1)
 *(.fini1)
 *(.fini0)
 .fini0         0x0000165c        0x4 d:/avr _atmel_app/7.0/toolchain/avr8/avr8-gnu-toolchain/bin/../lib/gcc/avr/5.4.0/avr5\libgcc.a(_exit.o)
 *(.fini0)
                0x00001660                _etext = .

.data           0x00800060       0x18 load address 0x00001660
                0x00800060                PROVIDE (__data_start, .)
 *(.data)
 *(.data*)
 .data.ADC_BusyState
                0x00800060        0x1 ADC_PROGRAM.o
                0x00800060                ADC_BusyState
 *(.gnu.linkonce.d*)
 *(.rodata)
 .rodata        0x00800061       0x16 main.o
 *(.rodata*)
 *(.gnu.linkonce.r*)
                0x00800078                . = ALIGN (0x2)
 *fill*         0x00800077        0x1 
                0x00800078                _edata = .
                0x00800078                PROVIDE (__data_end, .)

.bss            0x00800078       0x19
                0x00800078                PROVIDE (__bss_start, .)
 *(.bss)
 *(.bss*)
 .bss.Adc_U16Reading
                0x00800078        0x2 ADC_PROGRAM.o
 .bss.Adc_PvCallBackNotification
                0x0080007a        0x2 ADC_PROGRAM.o
 .bss.EXTI_PVInt0ptrfunc
                0x0080007c        0x2 EXTI_PROGRAM.o
                0x0080007c                EXTI_PVInt0ptrfunc
 .bss.EXTI_PVInt1ptrfunc
                0x0080007e        0x2 EXTI_PROGRAM.o
                0x0080007e                EXTI_PVInt1ptrfunc
 .bss.EXTI_PVInt2ptrfunc
                0x00800080        0x2 EXTI_PROGRAM.o
                0x00800080                EXTI_PVInt2ptrfunc
 .bss.Period_ticks
                0x00800082        0x2 main.o
 .bss.On_ticks  0x00800084        0x2 main.o
 .bss.Local_u8counter.1866
                0x00800086        0x1 main.o
 .bss.R1.1863   0x00800087        0x2 main.o
 .bss.R2.1864   0x00800089        0x2 main.o
 .bss.R3.1865   0x0080008b        0x2 main.o
 .bss.Timer0_PvCallBackFunc
                0x0080008d        0x2 TIMER_PROGRAM.o
                0x0080008d                Timer0_PvCallBackFunc
 .bss.TIMER1_GLIBALPVICUcallback
                0x0080008f        0x2 TIMER_PROGRAM.o
                0x0080008f                TIMER1_GLIBALPVICUcallback
 *(COMMON)
                0x00800091                PROVIDE (__bss_end, .)
                0x00001660                __data_load_start = LOADADDR (.data)
                0x00001678                __data_load_end = (__data_load_start + SIZEOF (.data))

.noinit         0x00800091        0x0
                [!provide]                PROVIDE (__noinit_start, .)
 *(.noinit*)
                [!provide]                PROVIDE (__noinit_end, .)
                0x00800091                _end = .
                [!provide]                PROVIDE (__heap_start, .)

.eeprom         0x00810000        0x0
 *(.eeprom*)
                0x00810000                __eeprom_end = .

.fuse
 *(.fuse)
 *(.lfuse)
 *(.hfuse)
 *(.efuse)

.lock
 *(.lock*)

.signature
 *(.signature*)

.user_signatures
 *(.user_signatures*)

.stab
 *(.stab)

.stabstr
 *(.stabstr)

.stab.excl
 *(.stab.excl)

.stab.exclstr
 *(.stab.exclstr)

.stab.index
 *(.stab.index)

.stab.indexstr
 *(.stab.indexstr)

.comment        0x00000000       0x30
 *(.comment)
 .comment       0x00000000       0x30 ADC_PROGRAM.o
                                 0x31 (size before relaxing)
 .comment       0x00000030       0x31 EXTI_PROGRAM.o
 .comment       0x00000030       0x31 GIE_PROGRAM.o
 .comment       0x00000030       0x31 lcd.o
 .comment       0x00000030       0x31 main.o
 .comment       0x00000030       0x31 port_initilal.o
 .comment       0x00000030       0x31 TIMER_PROGRAM.o

.note.gnu.avr.deviceinfo
                0x00000000       0x3c
 .note.gnu.avr.deviceinfo
                0x00000000       0x3c D:/avr _atmel_app/7.0/Packs/Atmel/ATmega_DFP/2.0.401/gcc/dev/atmega32/avr5/crtatmega32.o

.note.gnu.build-id
 *(.note.gnu.build-id)

.debug
 *(.debug)

.line
 *(.line)

.debug_srcinfo
 *(.debug_srcinfo)

.debug_sfnames
 *(.debug_sfnames)

.debug_aranges  0x00000000      0x250
 *(.debug_aranges)
 .debug_aranges
                0x00000000       0x40 ADC_PROGRAM.o
 .debug_aranges
                0x00000040       0x88 EXTI_PROGRAM.o
 .debug_aranges
                0x000000c8       0x28 GIE_PROGRAM.o
 .debug_aranges
                0x000000f0       0x60 lcd.o
 .debug_aranges
                0x00000150       0x40 main.o
 .debug_aranges
                0x00000190       0x20 port_initilal.o
 .debug_aranges
                0x000001b0       0xa0 TIMER_PROGRAM.o

.debug_pubnames
 *(.debug_pubnames)

.debug_info     0x00000000     0x17ac
 *(.debug_info .gnu.linkonce.wi.*)
 .debug_info    0x00000000      0x4e6 D:/avr _atmel_app/7.0/Packs/Atmel/ATmega_DFP/2.0.401/gcc/dev/atmega32/avr5/crtatmega32.o
 .debug_info    0x000004e6      0x23f ADC_PROGRAM.o
 .debug_info    0x00000725      0x30c EXTI_PROGRAM.o
 .debug_info    0x00000a31       0x5a GIE_PROGRAM.o
 .debug_info    0x00000a8b      0x5df lcd.o
 .debug_info    0x0000106a      0x233 main.o
 .debug_info    0x0000129d       0x44 port_initilal.o
 .debug_info    0x000012e1      0x4cb TIMER_PROGRAM.o

.debug_abbrev   0x00000000      0x9e6
 *(.debug_abbrev)
 .debug_abbrev  0x00000000      0x4a3 D:/avr _atmel_app/7.0/Packs/Atmel/ATmega_DFP/2.0.401/gcc/dev/atmega32/avr5/crtatmega32.o
 .debug_abbrev  0x000004a3       0xbc ADC_PROGRAM.o
 .debug_abbrev  0x0000055f       0xd4 EXTI_PROGRAM.o
 .debug_abbrev  0x00000633       0x31 GIE_PROGRAM.o
 .debug_abbrev  0x00000664      0x13c lcd.o
 .debug_abbrev  0x000007a0       0xd1 main.o
 .debug_abbrev  0x00000871       0x31 port_initilal.o
 .debug_abbrev  0x000008a2      0x144 TIMER_PROGRAM.o

.debug_line     0x00000000     0x15bc
 *(.debug_line .debug_line.* .debug_line_end)
 .debug_line    0x00000000      0x116 D:/avr _atmel_app/7.0/Packs/Atmel/ATmega_DFP/2.0.401/gcc/dev/atmega32/avr5/crtatmega32.o
 .debug_line    0x00000116      0x225 ADC_PROGRAM.o
 .debug_line    0x0000033b      0x36f EXTI_PROGRAM.o
 .debug_line    0x000006aa       0xac GIE_PROGRAM.o
 .debug_line    0x00000756      0x5b1 lcd.o
 .debug_line    0x00000d07      0x3b2 main.o
 .debug_line    0x000010b9       0xab port_initilal.o
 .debug_line    0x00001164      0x458 TIMER_PROGRAM.o

.debug_frame    0x00000000      0x934
 *(.debug_frame)
 .debug_frame   0x00000000      0x104 ADC_PROGRAM.o
 .debug_frame   0x00000104      0x2a0 EXTI_PROGRAM.o
 .debug_frame   0x000003a4       0x54 GIE_PROGRAM.o
 .debug_frame   0x000003f8      0x140 lcd.o
 .debug_frame   0x00000538       0xb4 main.o
 .debug_frame   0x000005ec       0x34 port_initilal.o
 .debug_frame   0x00000620      0x314 TIMER_PROGRAM.o

.debug_str      0x00000000     0x6c71
 *(.debug_str)
 .debug_str     0x00000000      0x196 D:/avr _atmel_app/7.0/Packs/Atmel/ATmega_DFP/2.0.401/gcc/dev/atmega32/avr5/crtatmega32.o
 .debug_str     0x00000196     0x378a ADC_PROGRAM.o
                               0x37c5 (size before relaxing)
 .debug_str     0x00003920      0x5c4 EXTI_PROGRAM.o
                               0x31e4 (size before relaxing)
 .debug_str     0x00003ee4       0x7d GIE_PROGRAM.o
                               0x2df5 (size before relaxing)
 .debug_str     0x00003f61     0x129b lcd.o
                               0x40e0 (size before relaxing)
 .debug_str     0x000051fc      0xba3 main.o
                               0x5354 (size before relaxing)
 .debug_str     0x00005d9f       0x2d port_initilal.o
                               0x3738 (size before relaxing)
 .debug_str     0x00005dcc      0xea5 TIMER_PROGRAM.o
                               0x3b58 (size before relaxing)

.debug_loc      0x00000000     0x1324
 *(.debug_loc)
 .debug_loc     0x00000000      0x21c ADC_PROGRAM.o
 .debug_loc     0x0000021c      0x5c4 EXTI_PROGRAM.o
 .debug_loc     0x000007e0       0x76 GIE_PROGRAM.o
 .debug_loc     0x00000856      0x29f lcd.o
 .debug_loc     0x00000af5      0x134 main.o
 .debug_loc     0x00000c29       0x3b port_initilal.o
 .debug_loc     0x00000c64      0x6c0 TIMER_PROGRAM.o

.debug_macinfo
 *(.debug_macinfo)

.debug_weaknames
 *(.debug_weaknames)

.debug_funcnames
 *(.debug_funcnames)

.debug_typenames
 *(.debug_typenames)

.debug_varnames
 *(.debug_varnames)

.debug_pubtypes
 *(.debug_pubtypes)

.debug_ranges   0x00000000      0x1f8
 *(.debug_ranges)
 .debug_ranges  0x00000000       0x30 ADC_PROGRAM.o
 .debug_ranges  0x00000030       0x78 EXTI_PROGRAM.o
 .debug_ranges  0x000000a8       0x18 GIE_PROGRAM.o
 .debug_ranges  0x000000c0       0x68 lcd.o
 .debug_ranges  0x00000128       0x30 main.o
 .debug_ranges  0x00000158       0x10 port_initilal.o
 .debug_ranges  0x00000168       0x90 TIMER_PROGRAM.o

.debug_macro    0x00000000     0x157f
 *(.debug_macro)
 .debug_macro   0x00000000       0x48 ADC_PROGRAM.o
 .debug_macro   0x00000048      0xa4e ADC_PROGRAM.o
 .debug_macro   0x00000a96       0x22 ADC_PROGRAM.o
 .debug_macro   0x00000ab8       0x22 ADC_PROGRAM.o
 .debug_macro   0x00000ada       0x46 ADC_PROGRAM.o
 .debug_macro   0x00000b20      0x118 ADC_PROGRAM.o
 .debug_macro   0x00000c38       0x82 ADC_PROGRAM.o
 .debug_macro   0x00000cba       0x51 EXTI_PROGRAM.o
 .debug_macro   0x00000d0b       0x52 EXTI_PROGRAM.o
 .debug_macro   0x00000d5d       0x52 EXTI_PROGRAM.o
 .debug_macro   0x00000daf       0x40 EXTI_PROGRAM.o
 .debug_macro   0x00000def       0x2e EXTI_PROGRAM.o
 .debug_macro   0x00000e1d       0x36 GIE_PROGRAM.o
 .debug_macro   0x00000e53       0x16 GIE_PROGRAM.o
 .debug_macro   0x00000e69       0x7f lcd.o
 .debug_macro   0x00000ee8       0x4c lcd.o
 .debug_macro   0x00000f34       0xc4 main.o
 .debug_macro   0x00000ff8      0x18a main.o
 .debug_macro   0x00001182       0x40 main.o
 .debug_macro   0x000011c2       0x22 main.o
 .debug_macro   0x000011e4       0x52 main.o
 .debug_macro   0x00001236       0x32 port_initilal.o
 .debug_macro   0x00001268       0x47 TIMER_PROGRAM.o
 .debug_macro   0x000012af       0x4c TIMER_PROGRAM.o
 .debug_macro   0x000012fb      0x17e TIMER_PROGRAM.o
 .debug_macro   0x00001479      0x106 TIMER_PROGRAM.o
OUTPUT(TIMERR.elf elf32-avr)
LOAD linker stubs
