Archive member included to satisfy reference by file (symbol)

d:/avr _atmel_app/7.0/toolchain/avr8/avr8-gnu-toolchain/bin/../lib/gcc/avr/5.4.0/avr5\libgcc.a(_udivmodsi4.o)
                              Timer_Program.o (__udivmodsi4)
d:/avr _atmel_app/7.0/toolchain/avr8/avr8-gnu-toolchain/bin/../lib/gcc/avr/5.4.0/avr5\libgcc.a(_exit.o)
                              D:/avr _atmel_app/7.0/Packs/Atmel/ATmega_DFP/2.0.401/gcc/dev/atmega32/avr5/crtatmega32.o (exit)
d:/avr _atmel_app/7.0/toolchain/avr8/avr8-gnu-toolchain/bin/../lib/gcc/avr/5.4.0/avr5\libgcc.a(_clear_bss.o)
                              Timer_Program.o (__do_clear_bss)
d:/avr _atmel_app/7.0/toolchain/avr8/avr8-gnu-toolchain/bin/../lib/gcc/avr/5.4.0/avr5\libgcc.a(_umulhisi3.o)
                              Timer_Program.o (__umulhisi3)

Allocating common symbols
Common symbol       size              file

fraction            0x2               Timer_Program.o
CTC_ov              0x2               Timer_Program.o
real_vlue           0x2               Timer_Program.o

Discarded input sections

 .data          0x00000000        0x0 D:/avr _atmel_app/7.0/Packs/Atmel/ATmega_DFP/2.0.401/gcc/dev/atmega32/avr5/crtatmega32.o
 .bss           0x00000000        0x0 D:/avr _atmel_app/7.0/Packs/Atmel/ATmega_DFP/2.0.401/gcc/dev/atmega32/avr5/crtatmega32.o
 .text          0x00000000        0x0 GIE_PROGRAM.o
 .data          0x00000000        0x0 GIE_PROGRAM.o
 .bss           0x00000000        0x0 GIE_PROGRAM.o
 .text.GIE_DISABLE
                0x00000000        0x8 GIE_PROGRAM.o
 .text          0x00000000        0x0 GPIO.o
 .data          0x00000000        0x0 GPIO.o
 .bss           0x00000000        0x0 GPIO.o
 .text.gpio_set_port_direction
                0x00000000       0x48 GPIO.o
 .text.gpio_set_pin_direction
                0x00000000       0xda GPIO.o
 .text.gpio_set_pin_value
                0x00000000       0xda GPIO.o
 .text.gpio_set_port_value
                0x00000000       0x20 GPIO.o
 .text.get_pin_value
                0x00000000       0x62 GPIO.o
 .text.get_port_value
                0x00000000       0x22 GPIO.o
 .debug_info    0x00000000      0x1d9 GPIO.o
 .debug_abbrev  0x00000000       0xb8 GPIO.o
 .debug_loc     0x00000000      0x301 GPIO.o
 .debug_aranges
                0x00000000       0x48 GPIO.o
 .debug_ranges  0x00000000       0x38 GPIO.o
 .debug_line    0x00000000      0x214 GPIO.o
 .debug_str     0x00000000      0x1ee GPIO.o
 .comment       0x00000000       0x31 GPIO.o
 .debug_frame   0x00000000       0x74 GPIO.o
 .text          0x00000000        0x0 main.o
 .data          0x00000000        0x0 main.o
 .bss           0x00000000        0x0 main.o
 .text          0x00000000        0x0 port_initilal.o
 .data          0x00000000        0x0 port_initilal.o
 .bss           0x00000000        0x0 port_initilal.o
 .text          0x00000000        0x0 Timer_Program.o
 .data          0x00000000        0x0 Timer_Program.o
 .bss           0x00000000        0x0 Timer_Program.o
 .text.TIMER0_OV_INIT
                0x00000000       0x60 Timer_Program.o
 .text          0x00000000        0x0 d:/avr _atmel_app/7.0/toolchain/avr8/avr8-gnu-toolchain/bin/../lib/gcc/avr/5.4.0/avr5\libgcc.a(_udivmodsi4.o)
 .data          0x00000000        0x0 d:/avr _atmel_app/7.0/toolchain/avr8/avr8-gnu-toolchain/bin/../lib/gcc/avr/5.4.0/avr5\libgcc.a(_udivmodsi4.o)
 .bss           0x00000000        0x0 d:/avr _atmel_app/7.0/toolchain/avr8/avr8-gnu-toolchain/bin/../lib/gcc/avr/5.4.0/avr5\libgcc.a(_udivmodsi4.o)
 .text.libgcc.mul
                0x00000000        0x0 d:/avr _atmel_app/7.0/toolchain/avr8/avr8-gnu-toolchain/bin/../lib/gcc/avr/5.4.0/avr5\libgcc.a(_udivmodsi4.o)
 .text.libgcc   0x00000000        0x0 d:/avr _atmel_app/7.0/toolchain/avr8/avr8-gnu-toolchain/bin/../lib/gcc/avr/5.4.0/avr5\libgcc.a(_udivmodsi4.o)
 .text.libgcc.prologue
                0x00000000        0x0 d:/avr _atmel_app/7.0/toolchain/avr8/avr8-gnu-toolchain/bin/../lib/gcc/avr/5.4.0/avr5\libgcc.a(_udivmodsi4.o)
 .text.libgcc.builtins
                0x00000000        0x0 d:/avr _atmel_app/7.0/toolchain/avr8/avr8-gnu-toolchain/bin/../lib/gcc/avr/5.4.0/avr5\libgcc.a(_udivmodsi4.o)
 .text.libgcc.fmul
                0x00000000        0x0 d:/avr _atmel_app/7.0/toolchain/avr8/avr8-gnu-toolchain/bin/../lib/gcc/avr/5.4.0/avr5\libgcc.a(_udivmodsi4.o)
 .text.libgcc.fixed
                0x00000000        0x0 d:/avr _atmel_app/7.0/toolchain/avr8/avr8-gnu-toolchain/bin/../lib/gcc/avr/5.4.0/avr5\libgcc.a(_udivmodsi4.o)
 .text          0x00000000        0x0 d:/avr _atmel_app/7.0/toolchain/avr8/avr8-gnu-toolchain/bin/../lib/gcc/avr/5.4.0/avr5\libgcc.a(_exit.o)
 .data          0x00000000        0x0 d:/avr _atmel_app/7.0/toolchain/avr8/avr8-gnu-toolchain/bin/../lib/gcc/avr/5.4.0/avr5\libgcc.a(_exit.o)
 .bss           0x00000000        0x0 d:/avr _atmel_app/7.0/toolchain/avr8/avr8-gnu-toolchain/bin/../lib/gcc/avr/5.4.0/avr5\libgcc.a(_exit.o)
 .text.libgcc.mul
                0x00000000        0x0 d:/avr _atmel_app/7.0/toolchain/avr8/avr8-gnu-toolchain/bin/../lib/gcc/avr/5.4.0/avr5\libgcc.a(_exit.o)
 .text.libgcc.div
                0x00000000        0x0 d:/avr _atmel_app/7.0/toolchain/avr8/avr8-gnu-toolchain/bin/../lib/gcc/avr/5.4.0/avr5\libgcc.a(_exit.o)
 .text.libgcc   0x00000000        0x0 d:/avr _atmel_app/7.0/toolchain/avr8/avr8-gnu-toolchain/bin/../lib/gcc/avr/5.4.0/avr5\libgcc.a(_exit.o)
 .text.libgcc.prologue
                0x00000000        0x0 d:/avr _atmel_app/7.0/toolchain/avr8/avr8-gnu-toolchain/bin/../lib/gcc/avr/5.4.0/avr5\libgcc.a(_exit.o)
 .text.libgcc.builtins
                0x00000000        0x0 d:/avr _atmel_app/7.0/toolchain/avr8/avr8-gnu-toolchain/bin/../lib/gcc/avr/5.4.0/avr5\libgcc.a(_exit.o)
 .text.libgcc.fmul
                0x00000000        0x0 d:/avr _atmel_app/7.0/toolchain/avr8/avr8-gnu-toolchain/bin/../lib/gcc/avr/5.4.0/avr5\libgcc.a(_exit.o)
 .text.libgcc.fixed
                0x00000000        0x0 d:/avr _atmel_app/7.0/toolchain/avr8/avr8-gnu-toolchain/bin/../lib/gcc/avr/5.4.0/avr5\libgcc.a(_exit.o)
 .text          0x00000000        0x0 d:/avr _atmel_app/7.0/toolchain/avr8/avr8-gnu-toolchain/bin/../lib/gcc/avr/5.4.0/avr5\libgcc.a(_clear_bss.o)
 .data          0x00000000        0x0 d:/avr _atmel_app/7.0/toolchain/avr8/avr8-gnu-toolchain/bin/../lib/gcc/avr/5.4.0/avr5\libgcc.a(_clear_bss.o)
 .bss           0x00000000        0x0 d:/avr _atmel_app/7.0/toolchain/avr8/avr8-gnu-toolchain/bin/../lib/gcc/avr/5.4.0/avr5\libgcc.a(_clear_bss.o)
 .text.libgcc.mul
                0x00000000        0x0 d:/avr _atmel_app/7.0/toolchain/avr8/avr8-gnu-toolchain/bin/../lib/gcc/avr/5.4.0/avr5\libgcc.a(_clear_bss.o)
 .text.libgcc.div
                0x00000000        0x0 d:/avr _atmel_app/7.0/toolchain/avr8/avr8-gnu-toolchain/bin/../lib/gcc/avr/5.4.0/avr5\libgcc.a(_clear_bss.o)
 .text.libgcc   0x00000000        0x0 d:/avr _atmel_app/7.0/toolchain/avr8/avr8-gnu-toolchain/bin/../lib/gcc/avr/5.4.0/avr5\libgcc.a(_clear_bss.o)
 .text.libgcc.prologue
                0x00000000        0x0 d:/avr _atmel_app/7.0/toolchain/avr8/avr8-gnu-toolchain/bin/../lib/gcc/avr/5.4.0/avr5\libgcc.a(_clear_bss.o)
 .text.libgcc.builtins
                0x00000000        0x0 d:/avr _atmel_app/7.0/toolchain/avr8/avr8-gnu-toolchain/bin/../lib/gcc/avr/5.4.0/avr5\libgcc.a(_clear_bss.o)
 .text.libgcc.fmul
                0x00000000        0x0 d:/avr _atmel_app/7.0/toolchain/avr8/avr8-gnu-toolchain/bin/../lib/gcc/avr/5.4.0/avr5\libgcc.a(_clear_bss.o)
 .text.libgcc.fixed
                0x00000000        0x0 d:/avr _atmel_app/7.0/toolchain/avr8/avr8-gnu-toolchain/bin/../lib/gcc/avr/5.4.0/avr5\libgcc.a(_clear_bss.o)
 .text          0x00000000        0x0 d:/avr _atmel_app/7.0/toolchain/avr8/avr8-gnu-toolchain/bin/../lib/gcc/avr/5.4.0/avr5\libgcc.a(_umulhisi3.o)
 .data          0x00000000        0x0 d:/avr _atmel_app/7.0/toolchain/avr8/avr8-gnu-toolchain/bin/../lib/gcc/avr/5.4.0/avr5\libgcc.a(_umulhisi3.o)
 .bss           0x00000000        0x0 d:/avr _atmel_app/7.0/toolchain/avr8/avr8-gnu-toolchain/bin/../lib/gcc/avr/5.4.0/avr5\libgcc.a(_umulhisi3.o)
 .text.libgcc.div
                0x00000000        0x0 d:/avr _atmel_app/7.0/toolchain/avr8/avr8-gnu-toolchain/bin/../lib/gcc/avr/5.4.0/avr5\libgcc.a(_umulhisi3.o)
 .text.libgcc   0x00000000        0x0 d:/avr _atmel_app/7.0/toolchain/avr8/avr8-gnu-toolchain/bin/../lib/gcc/avr/5.4.0/avr5\libgcc.a(_umulhisi3.o)
 .text.libgcc.prologue
                0x00000000        0x0 d:/avr _atmel_app/7.0/toolchain/avr8/avr8-gnu-toolchain/bin/../lib/gcc/avr/5.4.0/avr5\libgcc.a(_umulhisi3.o)
 .text.libgcc.builtins
                0x00000000        0x0 d:/avr _atmel_app/7.0/toolchain/avr8/avr8-gnu-toolchain/bin/../lib/gcc/avr/5.4.0/avr5\libgcc.a(_umulhisi3.o)
 .text.libgcc.fmul
                0x00000000        0x0 d:/avr _atmel_app/7.0/toolchain/avr8/avr8-gnu-toolchain/bin/../lib/gcc/avr/5.4.0/avr5\libgcc.a(_umulhisi3.o)
 .text.libgcc.fixed
                0x00000000        0x0 d:/avr _atmel_app/7.0/toolchain/avr8/avr8-gnu-toolchain/bin/../lib/gcc/avr/5.4.0/avr5\libgcc.a(_umulhisi3.o)

Memory Configuration

Name             Origin             Length             Attributes
text             0x00000000         0x00008000         xr
data             0x00800060         0x00000800         rw !x
eeprom           0x00810000         0x00000400         rw !x
fuse             0x00820000         0x00000002         rw !x
lock             0x00830000         0x00000400         rw !x
signature        0x00840000         0x00000400         rw !x
user_signatures  0x00850000         0x00000400         rw !x
*default*        0x00000000         0xffffffff

Linker script and memory map

LOAD D:/avr _atmel_app/7.0/Packs/Atmel/ATmega_DFP/2.0.401/gcc/dev/atmega32/avr5/crtatmega32.o
LOAD GIE_PROGRAM.o
LOAD GPIO.o
LOAD main.o
LOAD port_initilal.o
LOAD Timer_Program.o
START GROUP
LOAD d:/avr _atmel_app/7.0/toolchain/avr8/avr8-gnu-toolchain/bin/../lib/gcc/avr/5.4.0/../../../../avr/lib/avr5\libm.a
END GROUP
START GROUP
LOAD d:/avr _atmel_app/7.0/toolchain/avr8/avr8-gnu-toolchain/bin/../lib/gcc/avr/5.4.0/avr5\libgcc.a
LOAD d:/avr _atmel_app/7.0/toolchain/avr8/avr8-gnu-toolchain/bin/../lib/gcc/avr/5.4.0/../../../../avr/lib/avr5\libm.a
LOAD d:/avr _atmel_app/7.0/toolchain/avr8/avr8-gnu-toolchain/bin/../lib/gcc/avr/5.4.0/../../../../avr/lib/avr5\libc.a
LOAD D:/avr _atmel_app/7.0/Packs/Atmel/ATmega_DFP/2.0.401/gcc/dev/atmega32/avr5\libatmega32.a
END GROUP
                0x00000000                __TEXT_REGION_ORIGIN__ = DEFINED (__TEXT_REGION_ORIGIN__)?__TEXT_REGION_ORIGIN__:0x0
                [0x00800060]                __DATA_REGION_ORIGIN__ = DEFINED (__DATA_REGION_ORIGIN__)?__DATA_REGION_ORIGIN__:0x800060
                [0x00008000]                __TEXT_REGION_LENGTH__ = DEFINED (__TEXT_REGION_LENGTH__)?__TEXT_REGION_LENGTH__:0x20000
                [0x00000800]                __DATA_REGION_LENGTH__ = DEFINED (__DATA_REGION_LENGTH__)?__DATA_REGION_LENGTH__:0xffa0
                [0x00000400]                __EEPROM_REGION_LENGTH__ = DEFINED (__EEPROM_REGION_LENGTH__)?__EEPROM_REGION_LENGTH__:0x10000
                [0x00000002]                __FUSE_REGION_LENGTH__ = DEFINED (__FUSE_REGION_LENGTH__)?__FUSE_REGION_LENGTH__:0x400
                0x00000400                __LOCK_REGION_LENGTH__ = DEFINED (__LOCK_REGION_LENGTH__)?__LOCK_REGION_LENGTH__:0x400
                0x00000400                __SIGNATURE_REGION_LENGTH__ = DEFINED (__SIGNATURE_REGION_LENGTH__)?__SIGNATURE_REGION_LENGTH__:0x400
                0x00000400                __USER_SIGNATURE_REGION_LENGTH__ = DEFINED (__USER_SIGNATURE_REGION_LENGTH__)?__USER_SIGNATURE_REGION_LENGTH__:0x400

.hash
 *(.hash)

.dynsym
 *(.dynsym)

.dynstr
 *(.dynstr)

.gnu.version
 *(.gnu.version)

.gnu.version_d
 *(.gnu.version_d)

.gnu.version_r
 *(.gnu.version_r)

.rel.init
 *(.rel.init)

.rela.init
 *(.rela.init)

.rel.text
 *(.rel.text)
 *(.rel.text.*)
 *(.rel.gnu.linkonce.t*)

.rela.text
 *(.rela.text)
 *(.rela.text.*)
 *(.rela.gnu.linkonce.t*)

.rel.fini
 *(.rel.fini)

.rela.fini
 *(.rela.fini)

.rel.rodata
 *(.rel.rodata)
 *(.rel.rodata.*)
 *(.rel.gnu.linkonce.r*)

.rela.rodata
 *(.rela.rodata)
 *(.rela.rodata.*)
 *(.rela.gnu.linkonce.r*)

.rel.data
 *(.rel.data)
 *(.rel.data.*)
 *(.rel.gnu.linkonce.d*)

.rela.data
 *(.rela.data)
 *(.rela.data.*)
 *(.rela.gnu.linkonce.d*)

.rel.ctors
 *(.rel.ctors)

.rela.ctors
 *(.rela.ctors)

.rel.dtors
 *(.rel.dtors)

.rela.dtors
 *(.rela.dtors)

.rel.got
 *(.rel.got)

.rela.got
 *(.rela.got)

.rel.bss
 *(.rel.bss)

.rela.bss
 *(.rela.bss)

.rel.plt
 *(.rel.plt)

.rela.plt
 *(.rela.plt)

.text           0x00000000      0x2cc
 *(.vectors)
 .vectors       0x00000000       0x54 D:/avr _atmel_app/7.0/Packs/Atmel/ATmega_DFP/2.0.401/gcc/dev/atmega32/avr5/crtatmega32.o
                0x00000000                __vector_default
                0x00000000                __vectors
 *(.vectors)
 *(.progmem.gcc*)
                0x00000054                . = ALIGN (0x2)
                0x00000054                __trampolines_start = .
 *(.trampolines)
 .trampolines   0x00000054        0x0 linker stubs
 *(.trampolines*)
                0x00000054                __trampolines_end = .
 *libprintf_flt.a:*(.progmem.data)
 *libc.a:*(.progmem.data)
 *(.progmem*)
                0x00000054                . = ALIGN (0x2)
 *(.jumptables)
 *(.jumptables*)
 *(.lowtext)
 *(.lowtext*)
                0x00000054                __ctors_start = .
 *(.ctors)
                0x00000054                __ctors_end = .
                0x00000054                __dtors_start = .
 *(.dtors)
                0x00000054                __dtors_end = .
 SORT(*)(.ctors)
 SORT(*)(.dtors)
 *(.init0)
 .init0         0x00000054        0x0 D:/avr _atmel_app/7.0/Packs/Atmel/ATmega_DFP/2.0.401/gcc/dev/atmega32/avr5/crtatmega32.o
                0x00000054                __init
 *(.init0)
 *(.init1)
 *(.init1)
 *(.init2)
 .init2         0x00000054        0xc D:/avr _atmel_app/7.0/Packs/Atmel/ATmega_DFP/2.0.401/gcc/dev/atmega32/avr5/crtatmega32.o
 *(.init2)
 *(.init3)
 *(.init3)
 *(.init4)
 .init4         0x00000060       0x10 d:/avr _atmel_app/7.0/toolchain/avr8/avr8-gnu-toolchain/bin/../lib/gcc/avr/5.4.0/avr5\libgcc.a(_clear_bss.o)
                0x00000060                __do_clear_bss
 *(.init4)
 *(.init5)
 *(.init5)
 *(.init6)
 *(.init6)
 *(.init7)
 *(.init7)
 *(.init8)
 *(.init8)
 *(.init9)
 .init9         0x00000070        0x8 D:/avr _atmel_app/7.0/Packs/Atmel/ATmega_DFP/2.0.401/gcc/dev/atmega32/avr5/crtatmega32.o
 *(.init9)
 *(.text)
 .text          0x00000078        0x4 D:/avr _atmel_app/7.0/Packs/Atmel/ATmega_DFP/2.0.401/gcc/dev/atmega32/avr5/crtatmega32.o
                0x00000078                __vector_1
                0x00000078                __vector_12
                0x00000078                __bad_interrupt
                0x00000078                __vector_6
                0x00000078                __vector_3
                0x00000078                __vector_13
                0x00000078                __vector_17
                0x00000078                __vector_19
                0x00000078                __vector_7
                0x00000078                __vector_5
                0x00000078                __vector_4
                0x00000078                __vector_9
                0x00000078                __vector_2
                0x00000078                __vector_15
                0x00000078                __vector_8
                0x00000078                __vector_14
                0x00000078                __vector_16
                0x00000078                __vector_18
                0x00000078                __vector_20
                0x0000007c                . = ALIGN (0x2)
 *(.text.*)
 .text.GIE_ENABLE
                0x0000007c        0x8 GIE_PROGRAM.o
                0x0000007c                GIE_ENABLE
 .text.led_toggle
                0x00000084        0xa main.o
                0x00000084                led_toggle
 .text.main     0x0000008e       0x1c main.o
                0x0000008e                main
 .text.direction_and_port_init
                0x000000aa       0x16 port_initilal.o
                0x000000aa                direction_and_port_init
 .text.TIMER0_CTC_INIT
                0x000000c0       0x4a Timer_Program.o
                0x000000c0                TIMER0_CTC_INIT
 .text.TIMER0_U8SetCallBack
                0x0000010a       0x14 Timer_Program.o
                0x0000010a                TIMER0_U8SetCallBack
 .text.__vector_10
                0x0000011e       0x7a Timer_Program.o
                0x0000011e                __vector_10
 .text.__vector_11
                0x00000198       0xce Timer_Program.o
                0x00000198                __vector_11
 .text.libgcc.div
                0x00000266       0x44 d:/avr _atmel_app/7.0/toolchain/avr8/avr8-gnu-toolchain/bin/../lib/gcc/avr/5.4.0/avr5\libgcc.a(_udivmodsi4.o)
                0x00000266                __udivmodsi4
 .text.libgcc.mul
                0x000002aa       0x1e d:/avr _atmel_app/7.0/toolchain/avr8/avr8-gnu-toolchain/bin/../lib/gcc/avr/5.4.0/avr5\libgcc.a(_umulhisi3.o)
                0x000002aa                __umulhisi3
                0x000002c8                . = ALIGN (0x2)
 *(.fini9)
 .fini9         0x000002c8        0x0 d:/avr _atmel_app/7.0/toolchain/avr8/avr8-gnu-toolchain/bin/../lib/gcc/avr/5.4.0/avr5\libgcc.a(_exit.o)
                0x000002c8                _exit
                0x000002c8                exit
 *(.fini9)
 *(.fini8)
 *(.fini8)
 *(.fini7)
 *(.fini7)
 *(.fini6)
 *(.fini6)
 *(.fini5)
 *(.fini5)
 *(.fini4)
 *(.fini4)
 *(.fini3)
 *(.fini3)
 *(.fini2)
 *(.fini2)
 *(.fini1)
 *(.fini1)
 *(.fini0)
 .fini0         0x000002c8        0x4 d:/avr _atmel_app/7.0/toolchain/avr8/avr8-gnu-toolchain/bin/../lib/gcc/avr/5.4.0/avr5\libgcc.a(_exit.o)
 *(.fini0)
                0x000002cc                _etext = .

.data           0x00800060        0x0 load address 0x000002cc
                [!provide]                PROVIDE (__data_start, .)
 *(.data)
 *(.data*)
 *(.gnu.linkonce.d*)
 *(.rodata)
 *(.rodata*)
 *(.gnu.linkonce.r*)
                0x00800060                . = ALIGN (0x2)
                0x00800060                _edata = .
                [!provide]                PROVIDE (__data_end, .)

.bss            0x00800060        0xd
                0x00800060                PROVIDE (__bss_start, .)
 *(.bss)
 *(.bss*)
 .bss.flag.1613
                0x00800060        0x1 Timer_Program.o
 .bss.counter.1612
                0x00800061        0x2 Timer_Program.o
 .bss.count.1606
                0x00800063        0x2 Timer_Program.o
 .bss.TIMER0_PVCallBackFunc
                0x00800065        0x2 Timer_Program.o
 *(COMMON)
 COMMON         0x00800067        0x6 Timer_Program.o
                0x00800067                fraction
                0x00800069                CTC_ov
                0x0080006b                real_vlue
                0x0080006d                PROVIDE (__bss_end, .)
                0x000002cc                __data_load_start = LOADADDR (.data)
                0x000002cc                __data_load_end = (__data_load_start + SIZEOF (.data))

.noinit         0x0080006d        0x0
                [!provide]                PROVIDE (__noinit_start, .)
 *(.noinit*)
                [!provide]                PROVIDE (__noinit_end, .)
                0x0080006d                _end = .
                [!provide]                PROVIDE (__heap_start, .)

.eeprom         0x00810000        0x0
 *(.eeprom*)
                0x00810000                __eeprom_end = .

.fuse
 *(.fuse)
 *(.lfuse)
 *(.hfuse)
 *(.efuse)

.lock
 *(.lock*)

.signature
 *(.signature*)

.user_signatures
 *(.user_signatures*)

.stab
 *(.stab)

.stabstr
 *(.stabstr)

.stab.excl
 *(.stab.excl)

.stab.exclstr
 *(.stab.exclstr)

.stab.index
 *(.stab.index)

.stab.indexstr
 *(.stab.indexstr)

.comment        0x00000000       0x30
 *(.comment)
 .comment       0x00000000       0x30 GIE_PROGRAM.o
                                 0x31 (size before relaxing)
 .comment       0x00000030       0x31 main.o
 .comment       0x00000030       0x31 port_initilal.o
 .comment       0x00000030       0x31 Timer_Program.o

.note.gnu.avr.deviceinfo
                0x00000000       0x3c
 .note.gnu.avr.deviceinfo
                0x00000000       0x3c D:/avr _atmel_app/7.0/Packs/Atmel/ATmega_DFP/2.0.401/gcc/dev/atmega32/avr5/crtatmega32.o

.note.gnu.build-id
 *(.note.gnu.build-id)

.debug
 *(.debug)

.line
 *(.line)

.debug_srcinfo
 *(.debug_srcinfo)

.debug_sfnames
 *(.debug_sfnames)

.debug_aranges  0x00000000       0xb0
 *(.debug_aranges)
 .debug_aranges
                0x00000000       0x28 GIE_PROGRAM.o
 .debug_aranges
                0x00000028       0x28 main.o
 .debug_aranges
                0x00000050       0x20 port_initilal.o
 .debug_aranges
                0x00000070       0x40 Timer_Program.o

.debug_pubnames
 *(.debug_pubnames)

.debug_info     0x00000000      0x890
 *(.debug_info .gnu.linkonce.wi.*)
 .debug_info    0x00000000      0x4e6 D:/avr _atmel_app/7.0/Packs/Atmel/ATmega_DFP/2.0.401/gcc/dev/atmega32/avr5/crtatmega32.o
 .debug_info    0x000004e6       0x56 GIE_PROGRAM.o
 .debug_info    0x0000053c      0x132 main.o
 .debug_info    0x0000066e       0x40 port_initilal.o
 .debug_info    0x000006ae      0x1e2 Timer_Program.o

.debug_abbrev   0x00000000      0x655
 *(.debug_abbrev)
 .debug_abbrev  0x00000000      0x4a3 D:/avr _atmel_app/7.0/Packs/Atmel/ATmega_DFP/2.0.401/gcc/dev/atmega32/avr5/crtatmega32.o
 .debug_abbrev  0x000004a3       0x2e GIE_PROGRAM.o
 .debug_abbrev  0x000004d1       0xa4 main.o
 .debug_abbrev  0x00000575       0x2e port_initilal.o
 .debug_abbrev  0x000005a3       0xb2 Timer_Program.o

.debug_line     0x00000000      0x42e
 *(.debug_line .debug_line.* .debug_line_end)
 .debug_line    0x00000000      0x116 D:/avr _atmel_app/7.0/Packs/Atmel/ATmega_DFP/2.0.401/gcc/dev/atmega32/avr5/crtatmega32.o
 .debug_line    0x00000116       0x5c GIE_PROGRAM.o
 .debug_line    0x00000172       0xa1 main.o
 .debug_line    0x00000213       0x72 port_initilal.o
 .debug_line    0x00000285      0x1a9 Timer_Program.o

.debug_frame    0x00000000      0x180
 *(.debug_frame)
 .debug_frame   0x00000000       0x34 GIE_PROGRAM.o
 .debug_frame   0x00000034       0x34 main.o
 .debug_frame   0x00000068       0x24 port_initilal.o
 .debug_frame   0x0000008c       0xf4 Timer_Program.o

.debug_str      0x00000000      0x439
 *(.debug_str)
 .debug_str     0x00000000      0x196 D:/avr _atmel_app/7.0/Packs/Atmel/ATmega_DFP/2.0.401/gcc/dev/atmega32/avr5/crtatmega32.o
 .debug_str     0x00000196      0x106 GIE_PROGRAM.o
 .debug_str     0x0000029c       0xb6 main.o
                                0x1d1 (size before relaxing)
 .debug_str     0x00000352       0x15 port_initilal.o
                                0x109 (size before relaxing)
 .debug_str     0x00000367       0xd2 Timer_Program.o
                                0x232 (size before relaxing)

.debug_loc      0x00000000      0x29b
 *(.debug_loc)
 .debug_loc     0x00000000      0x29b Timer_Program.o

.debug_macinfo
 *(.debug_macinfo)

.debug_weaknames
 *(.debug_weaknames)

.debug_funcnames
 *(.debug_funcnames)

.debug_typenames
 *(.debug_typenames)

.debug_varnames
 *(.debug_varnames)

.debug_pubtypes
 *(.debug_pubtypes)

.debug_ranges   0x00000000       0x70
 *(.debug_ranges)
 .debug_ranges  0x00000000       0x18 GIE_PROGRAM.o
 .debug_ranges  0x00000018       0x18 main.o
 .debug_ranges  0x00000030       0x10 port_initilal.o
 .debug_ranges  0x00000040       0x30 Timer_Program.o

.debug_macro
 *(.debug_macro)
OUTPUT(TIMER.elf elf32-avr)
LOAD linker stubs
