Archive member included to satisfy reference by file (symbol)

d:/avr _atmel_app/7.0/toolchain/avr8/avr8-gnu-toolchain/bin/../lib/gcc/avr/5.4.0/avr5\libgcc.a(_exit.o)
                              D:/avr _atmel_app/7.0/Packs/Atmel/ATmega_DFP/2.0.401/gcc/dev/atmega32/avr5/crtatmega32.o (exit)
d:/avr _atmel_app/7.0/toolchain/avr8/avr8-gnu-toolchain/bin/../lib/gcc/avr/5.4.0/avr5\libgcc.a(_clear_bss.o)
                              EXTI_PROGRAM.o (__do_clear_bss)

Discarded input sections

 .data          0x00000000        0x0 D:/avr _atmel_app/7.0/Packs/Atmel/ATmega_DFP/2.0.401/gcc/dev/atmega32/avr5/crtatmega32.o
 .bss           0x00000000        0x0 D:/avr _atmel_app/7.0/Packs/Atmel/ATmega_DFP/2.0.401/gcc/dev/atmega32/avr5/crtatmega32.o
 .text          0x00000000        0x0 EXTI_PROGRAM.o
 .data          0x00000000        0x0 EXTI_PROGRAM.o
 .bss           0x00000000        0x0 EXTI_PROGRAM.o
 .text.EXTI_INT0_INIT
                0x00000000       0x14 EXTI_PROGRAM.o
 .text.EXTI_INT1_INIT
                0x00000000       0x14 EXTI_PROGRAM.o
 .text.EXTI_INT2_INIT
                0x00000000        0xe EXTI_PROGRAM.o
 .text.EXTI_INT_DISABLE
                0x00000000       0x2e EXTI_PROGRAM.o
 .text          0x00000000        0x0 GIE_PROGRAM.o
 .data          0x00000000        0x0 GIE_PROGRAM.o
 .bss           0x00000000        0x0 GIE_PROGRAM.o
 .text.GIE_DISABLE
                0x00000000        0x8 GIE_PROGRAM.o
 .text          0x00000000        0x0 GPIO.o
 .data          0x00000000        0x0 GPIO.o
 .bss           0x00000000        0x0 GPIO.o
 .text.gpio_set_port_direction
                0x00000000       0x48 GPIO.o
 .text.gpio_set_pin_direction
                0x00000000       0xda GPIO.o
 .text.gpio_set_port_value
                0x00000000       0x20 GPIO.o
 .text.get_pin_value
                0x00000000       0x62 GPIO.o
 .text.get_port_value
                0x00000000       0x22 GPIO.o
 .text          0x00000000        0x0 main.o
 .data          0x00000000        0x0 main.o
 .bss           0x00000000        0x0 main.o
 .text          0x00000000        0x0 port_initilal.o
 .data          0x00000000        0x0 port_initilal.o
 .bss           0x00000000        0x0 port_initilal.o
 .text          0x00000000        0x0 d:/avr _atmel_app/7.0/toolchain/avr8/avr8-gnu-toolchain/bin/../lib/gcc/avr/5.4.0/avr5\libgcc.a(_exit.o)
 .data          0x00000000        0x0 d:/avr _atmel_app/7.0/toolchain/avr8/avr8-gnu-toolchain/bin/../lib/gcc/avr/5.4.0/avr5\libgcc.a(_exit.o)
 .bss           0x00000000        0x0 d:/avr _atmel_app/7.0/toolchain/avr8/avr8-gnu-toolchain/bin/../lib/gcc/avr/5.4.0/avr5\libgcc.a(_exit.o)
 .text.libgcc.mul
                0x00000000        0x0 d:/avr _atmel_app/7.0/toolchain/avr8/avr8-gnu-toolchain/bin/../lib/gcc/avr/5.4.0/avr5\libgcc.a(_exit.o)
 .text.libgcc.div
                0x00000000        0x0 d:/avr _atmel_app/7.0/toolchain/avr8/avr8-gnu-toolchain/bin/../lib/gcc/avr/5.4.0/avr5\libgcc.a(_exit.o)
 .text.libgcc   0x00000000        0x0 d:/avr _atmel_app/7.0/toolchain/avr8/avr8-gnu-toolchain/bin/../lib/gcc/avr/5.4.0/avr5\libgcc.a(_exit.o)
 .text.libgcc.prologue
                0x00000000        0x0 d:/avr _atmel_app/7.0/toolchain/avr8/avr8-gnu-toolchain/bin/../lib/gcc/avr/5.4.0/avr5\libgcc.a(_exit.o)
 .text.libgcc.builtins
                0x00000000        0x0 d:/avr _atmel_app/7.0/toolchain/avr8/avr8-gnu-toolchain/bin/../lib/gcc/avr/5.4.0/avr5\libgcc.a(_exit.o)
 .text.libgcc.fmul
                0x00000000        0x0 d:/avr _atmel_app/7.0/toolchain/avr8/avr8-gnu-toolchain/bin/../lib/gcc/avr/5.4.0/avr5\libgcc.a(_exit.o)
 .text.libgcc.fixed
                0x00000000        0x0 d:/avr _atmel_app/7.0/toolchain/avr8/avr8-gnu-toolchain/bin/../lib/gcc/avr/5.4.0/avr5\libgcc.a(_exit.o)
 .text          0x00000000        0x0 d:/avr _atmel_app/7.0/toolchain/avr8/avr8-gnu-toolchain/bin/../lib/gcc/avr/5.4.0/avr5\libgcc.a(_clear_bss.o)
 .data          0x00000000        0x0 d:/avr _atmel_app/7.0/toolchain/avr8/avr8-gnu-toolchain/bin/../lib/gcc/avr/5.4.0/avr5\libgcc.a(_clear_bss.o)
 .bss           0x00000000        0x0 d:/avr _atmel_app/7.0/toolchain/avr8/avr8-gnu-toolchain/bin/../lib/gcc/avr/5.4.0/avr5\libgcc.a(_clear_bss.o)
 .text.libgcc.mul
                0x00000000        0x0 d:/avr _atmel_app/7.0/toolchain/avr8/avr8-gnu-toolchain/bin/../lib/gcc/avr/5.4.0/avr5\libgcc.a(_clear_bss.o)
 .text.libgcc.div
                0x00000000        0x0 d:/avr _atmel_app/7.0/toolchain/avr8/avr8-gnu-toolchain/bin/../lib/gcc/avr/5.4.0/avr5\libgcc.a(_clear_bss.o)
 .text.libgcc   0x00000000        0x0 d:/avr _atmel_app/7.0/toolchain/avr8/avr8-gnu-toolchain/bin/../lib/gcc/avr/5.4.0/avr5\libgcc.a(_clear_bss.o)
 .text.libgcc.prologue
                0x00000000        0x0 d:/avr _atmel_app/7.0/toolchain/avr8/avr8-gnu-toolchain/bin/../lib/gcc/avr/5.4.0/avr5\libgcc.a(_clear_bss.o)
 .text.libgcc.builtins
                0x00000000        0x0 d:/avr _atmel_app/7.0/toolchain/avr8/avr8-gnu-toolchain/bin/../lib/gcc/avr/5.4.0/avr5\libgcc.a(_clear_bss.o)
 .text.libgcc.fmul
                0x00000000        0x0 d:/avr _atmel_app/7.0/toolchain/avr8/avr8-gnu-toolchain/bin/../lib/gcc/avr/5.4.0/avr5\libgcc.a(_clear_bss.o)
 .text.libgcc.fixed
                0x00000000        0x0 d:/avr _atmel_app/7.0/toolchain/avr8/avr8-gnu-toolchain/bin/../lib/gcc/avr/5.4.0/avr5\libgcc.a(_clear_bss.o)

Memory Configuration

Name             Origin             Length             Attributes
text             0x00000000         0x00008000         xr
data             0x00800060         0x00000800         rw !x
eeprom           0x00810000         0x00000400         rw !x
fuse             0x00820000         0x00000002         rw !x
lock             0x00830000         0x00000400         rw !x
signature        0x00840000         0x00000400         rw !x
user_signatures  0x00850000         0x00000400         rw !x
*default*        0x00000000         0xffffffff

Linker script and memory map

LOAD D:/avr _atmel_app/7.0/Packs/Atmel/ATmega_DFP/2.0.401/gcc/dev/atmega32/avr5/crtatmega32.o
LOAD EXTI_PROGRAM.o
LOAD GIE_PROGRAM.o
LOAD GPIO.o
LOAD main.o
LOAD port_initilal.o
START GROUP
LOAD d:/avr _atmel_app/7.0/toolchain/avr8/avr8-gnu-toolchain/bin/../lib/gcc/avr/5.4.0/../../../../avr/lib/avr5\libm.a
END GROUP
START GROUP
LOAD d:/avr _atmel_app/7.0/toolchain/avr8/avr8-gnu-toolchain/bin/../lib/gcc/avr/5.4.0/avr5\libgcc.a
LOAD d:/avr _atmel_app/7.0/toolchain/avr8/avr8-gnu-toolchain/bin/../lib/gcc/avr/5.4.0/../../../../avr/lib/avr5\libm.a
LOAD d:/avr _atmel_app/7.0/toolchain/avr8/avr8-gnu-toolchain/bin/../lib/gcc/avr/5.4.0/../../../../avr/lib/avr5\libc.a
LOAD D:/avr _atmel_app/7.0/Packs/Atmel/ATmega_DFP/2.0.401/gcc/dev/atmega32/avr5\libatmega32.a
END GROUP
                0x00000000                __TEXT_REGION_ORIGIN__ = DEFINED (__TEXT_REGION_ORIGIN__)?__TEXT_REGION_ORIGIN__:0x0
                [0x00800060]                __DATA_REGION_ORIGIN__ = DEFINED (__DATA_REGION_ORIGIN__)?__DATA_REGION_ORIGIN__:0x800060
                [0x00008000]                __TEXT_REGION_LENGTH__ = DEFINED (__TEXT_REGION_LENGTH__)?__TEXT_REGION_LENGTH__:0x20000
                [0x00000800]                __DATA_REGION_LENGTH__ = DEFINED (__DATA_REGION_LENGTH__)?__DATA_REGION_LENGTH__:0xffa0
                [0x00000400]                __EEPROM_REGION_LENGTH__ = DEFINED (__EEPROM_REGION_LENGTH__)?__EEPROM_REGION_LENGTH__:0x10000
                [0x00000002]                __FUSE_REGION_LENGTH__ = DEFINED (__FUSE_REGION_LENGTH__)?__FUSE_REGION_LENGTH__:0x400
                0x00000400                __LOCK_REGION_LENGTH__ = DEFINED (__LOCK_REGION_LENGTH__)?__LOCK_REGION_LENGTH__:0x400
                0x00000400                __SIGNATURE_REGION_LENGTH__ = DEFINED (__SIGNATURE_REGION_LENGTH__)?__SIGNATURE_REGION_LENGTH__:0x400
                0x00000400                __USER_SIGNATURE_REGION_LENGTH__ = DEFINED (__USER_SIGNATURE_REGION_LENGTH__)?__USER_SIGNATURE_REGION_LENGTH__:0x400

.hash
 *(.hash)

.dynsym
 *(.dynsym)

.dynstr
 *(.dynstr)

.gnu.version
 *(.gnu.version)

.gnu.version_d
 *(.gnu.version_d)

.gnu.version_r
 *(.gnu.version_r)

.rel.init
 *(.rel.init)

.rela.init
 *(.rela.init)

.rel.text
 *(.rel.text)
 *(.rel.text.*)
 *(.rel.gnu.linkonce.t*)

.rela.text
 *(.rela.text)
 *(.rela.text.*)
 *(.rela.gnu.linkonce.t*)

.rel.fini
 *(.rel.fini)

.rela.fini
 *(.rela.fini)

.rel.rodata
 *(.rel.rodata)
 *(.rel.rodata.*)
 *(.rel.gnu.linkonce.r*)

.rela.rodata
 *(.rela.rodata)
 *(.rela.rodata.*)
 *(.rela.gnu.linkonce.r*)

.rel.data
 *(.rel.data)
 *(.rel.data.*)
 *(.rel.gnu.linkonce.d*)

.rela.data
 *(.rela.data)
 *(.rela.data.*)
 *(.rela.gnu.linkonce.d*)

.rel.ctors
 *(.rel.ctors)

.rela.ctors
 *(.rela.ctors)

.rel.dtors
 *(.rel.dtors)

.rela.dtors
 *(.rela.dtors)

.rel.got
 *(.rel.got)

.rela.got
 *(.rela.got)

.rel.bss
 *(.rel.bss)

.rela.bss
 *(.rela.bss)

.rel.plt
 *(.rel.plt)

.rela.plt
 *(.rela.plt)

.text           0x00000000      0x42a
 *(.vectors)
 .vectors       0x00000000       0x54 D:/avr _atmel_app/7.0/Packs/Atmel/ATmega_DFP/2.0.401/gcc/dev/atmega32/avr5/crtatmega32.o
                0x00000000                __vector_default
                0x00000000                __vectors
 *(.vectors)
 *(.progmem.gcc*)
                0x00000054                . = ALIGN (0x2)
                0x00000054                __trampolines_start = .
 *(.trampolines)
 .trampolines   0x00000054        0x0 linker stubs
 *(.trampolines*)
                0x00000054                __trampolines_end = .
 *libprintf_flt.a:*(.progmem.data)
 *libc.a:*(.progmem.data)
 *(.progmem*)
                0x00000054                . = ALIGN (0x2)
 *(.jumptables)
 *(.jumptables*)
 *(.lowtext)
 *(.lowtext*)
                0x00000054                __ctors_start = .
 *(.ctors)
                0x00000054                __ctors_end = .
                0x00000054                __dtors_start = .
 *(.dtors)
                0x00000054                __dtors_end = .
 SORT(*)(.ctors)
 SORT(*)(.dtors)
 *(.init0)
 .init0         0x00000054        0x0 D:/avr _atmel_app/7.0/Packs/Atmel/ATmega_DFP/2.0.401/gcc/dev/atmega32/avr5/crtatmega32.o
                0x00000054                __init
 *(.init0)
 *(.init1)
 *(.init1)
 *(.init2)
 .init2         0x00000054        0xc D:/avr _atmel_app/7.0/Packs/Atmel/ATmega_DFP/2.0.401/gcc/dev/atmega32/avr5/crtatmega32.o
 *(.init2)
 *(.init3)
 *(.init3)
 *(.init4)
 .init4         0x00000060       0x10 d:/avr _atmel_app/7.0/toolchain/avr8/avr8-gnu-toolchain/bin/../lib/gcc/avr/5.4.0/avr5\libgcc.a(_clear_bss.o)
                0x00000060                __do_clear_bss
 *(.init4)
 *(.init5)
 *(.init5)
 *(.init6)
 *(.init6)
 *(.init7)
 *(.init7)
 *(.init8)
 *(.init8)
 *(.init9)
 .init9         0x00000070        0x8 D:/avr _atmel_app/7.0/Packs/Atmel/ATmega_DFP/2.0.401/gcc/dev/atmega32/avr5/crtatmega32.o
 *(.init9)
 *(.text)
 .text          0x00000078        0x4 D:/avr _atmel_app/7.0/Packs/Atmel/ATmega_DFP/2.0.401/gcc/dev/atmega32/avr5/crtatmega32.o
                0x00000078                __vector_12
                0x00000078                __bad_interrupt
                0x00000078                __vector_6
                0x00000078                __vector_11
                0x00000078                __vector_13
                0x00000078                __vector_17
                0x00000078                __vector_19
                0x00000078                __vector_7
                0x00000078                __vector_5
                0x00000078                __vector_4
                0x00000078                __vector_9
                0x00000078                __vector_15
                0x00000078                __vector_8
                0x00000078                __vector_14
                0x00000078                __vector_10
                0x00000078                __vector_16
                0x00000078                __vector_18
                0x00000078                __vector_20
                0x0000007c                . = ALIGN (0x2)
 *(.text.*)
 .text.EXTI_INT0_INIT_SENSE
                0x0000007c       0x5a EXTI_PROGRAM.o
                0x0000007c                EXTI_INT0_INIT_SENSE
 .text.EXTI_INT1_INIT_SENSE
                0x000000d6       0x5a EXTI_PROGRAM.o
                0x000000d6                EXTI_INT1_INIT_SENSE
 .text.EXTI_INT2_INIT_SENSE
                0x00000130       0x22 EXTI_PROGRAM.o
                0x00000130                EXTI_INT2_INIT_SENSE
 .text.EXTI_INT_ENABLE
                0x00000152       0x2e EXTI_PROGRAM.o
                0x00000152                EXTI_INT_ENABLE
 .text.EXTI_U8INT0SETCALLBACK
                0x00000180       0x14 EXTI_PROGRAM.o
                0x00000180                EXTI_U8INT0SETCALLBACK
 .text.EXTI_U8INT1SETCALLBACK
                0x00000194       0x14 EXTI_PROGRAM.o
                0x00000194                EXTI_U8INT1SETCALLBACK
 .text.EXTI_U8INT2SETCALLBACK
                0x000001a8       0x14 EXTI_PROGRAM.o
                0x000001a8                EXTI_U8INT2SETCALLBACK
 .text.__vector_1
                0x000001bc       0x52 EXTI_PROGRAM.o
                0x000001bc                __vector_1
 .text.__vector_2
                0x0000020e       0x5a EXTI_PROGRAM.o
                0x0000020e                __vector_2
 .text.__vector_3
                0x00000268       0x5a EXTI_PROGRAM.o
                0x00000268                __vector_3
 .text.GIE_ENABLE
                0x000002c2        0x8 GIE_PROGRAM.o
                0x000002c2                GIE_ENABLE
 .text.gpio_set_pin_value
                0x000002ca       0xda GPIO.o
                0x000002ca                gpio_set_pin_value
 .text.ISR_INT0
                0x000003a4        0xc main.o
                0x000003a4                ISR_INT0
 .text.ISR_INT1
                0x000003b0        0xc main.o
                0x000003b0                ISR_INT1
 .text.ISR_INT2
                0x000003bc        0xc main.o
                0x000003bc                ISR_INT2
 .text.main     0x000003c8       0x4a main.o
                0x000003c8                main
 .text.direction_and_port_init
                0x00000412       0x14 port_initilal.o
                0x00000412                direction_and_port_init
                0x00000426                . = ALIGN (0x2)
 *(.fini9)
 .fini9         0x00000426        0x0 d:/avr _atmel_app/7.0/toolchain/avr8/avr8-gnu-toolchain/bin/../lib/gcc/avr/5.4.0/avr5\libgcc.a(_exit.o)
                0x00000426                _exit
                0x00000426                exit
 *(.fini9)
 *(.fini8)
 *(.fini8)
 *(.fini7)
 *(.fini7)
 *(.fini6)
 *(.fini6)
 *(.fini5)
 *(.fini5)
 *(.fini4)
 *(.fini4)
 *(.fini3)
 *(.fini3)
 *(.fini2)
 *(.fini2)
 *(.fini1)
 *(.fini1)
 *(.fini0)
 .fini0         0x00000426        0x4 d:/avr _atmel_app/7.0/toolchain/avr8/avr8-gnu-toolchain/bin/../lib/gcc/avr/5.4.0/avr5\libgcc.a(_exit.o)
 *(.fini0)
                0x0000042a                _etext = .

.data           0x00800060        0x0 load address 0x0000042a
                [!provide]                PROVIDE (__data_start, .)
 *(.data)
 *(.data*)
 *(.gnu.linkonce.d*)
 *(.rodata)
 *(.rodata*)
 *(.gnu.linkonce.r*)
                0x00800060                . = ALIGN (0x2)
                0x00800060                _edata = .
                [!provide]                PROVIDE (__data_end, .)

.bss            0x00800060        0x6
                0x00800060                PROVIDE (__bss_start, .)
 *(.bss)
 *(.bss*)
 .bss.EXTI_PVInt2ptrfunc
                0x00800060        0x2 EXTI_PROGRAM.o
                0x00800060                EXTI_PVInt2ptrfunc
 .bss.EXTI_PVInt1ptrfunc
                0x00800062        0x2 EXTI_PROGRAM.o
                0x00800062                EXTI_PVInt1ptrfunc
 .bss.EXTI_PVInt0ptrfunc
                0x00800064        0x2 EXTI_PROGRAM.o
                0x00800064                EXTI_PVInt0ptrfunc
 *(COMMON)
                0x00800066                PROVIDE (__bss_end, .)
                0x0000042a                __data_load_start = LOADADDR (.data)
                0x0000042a                __data_load_end = (__data_load_start + SIZEOF (.data))

.noinit         0x00800066        0x0
                [!provide]                PROVIDE (__noinit_start, .)
 *(.noinit*)
                [!provide]                PROVIDE (__noinit_end, .)
                0x00800066                _end = .
                [!provide]                PROVIDE (__heap_start, .)

.eeprom         0x00810000        0x0
 *(.eeprom*)
                0x00810000                __eeprom_end = .

.fuse
 *(.fuse)
 *(.lfuse)
 *(.hfuse)
 *(.efuse)

.lock
 *(.lock*)

.signature
 *(.signature*)

.user_signatures
 *(.user_signatures*)

.stab
 *(.stab)

.stabstr
 *(.stabstr)

.stab.excl
 *(.stab.excl)

.stab.exclstr
 *(.stab.exclstr)

.stab.index
 *(.stab.index)

.stab.indexstr
 *(.stab.indexstr)

.comment        0x00000000       0x30
 *(.comment)
 .comment       0x00000000       0x30 EXTI_PROGRAM.o
                                 0x31 (size before relaxing)
 .comment       0x00000030       0x31 GIE_PROGRAM.o
 .comment       0x00000030       0x31 GPIO.o
 .comment       0x00000030       0x31 main.o
 .comment       0x00000030       0x31 port_initilal.o

.note.gnu.avr.deviceinfo
                0x00000000       0x3c
 .note.gnu.avr.deviceinfo
                0x00000000       0x3c D:/avr _atmel_app/7.0/Packs/Atmel/ATmega_DFP/2.0.401/gcc/dev/atmega32/avr5/crtatmega32.o

.note.gnu.build-id
 *(.note.gnu.build-id)

.debug
 *(.debug)

.line
 *(.line)

.debug_srcinfo
 *(.debug_srcinfo)

.debug_sfnames
 *(.debug_sfnames)

.debug_aranges  0x00000000      0x150
 *(.debug_aranges)
 .debug_aranges
                0x00000000       0x88 EXTI_PROGRAM.o
 .debug_aranges
                0x00000088       0x28 GIE_PROGRAM.o
 .debug_aranges
                0x000000b0       0x48 GPIO.o
 .debug_aranges
                0x000000f8       0x38 main.o
 .debug_aranges
                0x00000130       0x20 port_initilal.o

.debug_pubnames
 *(.debug_pubnames)

.debug_info     0x00000000      0xd44
 *(.debug_info .gnu.linkonce.wi.*)
 .debug_info    0x00000000      0x4e6 D:/avr _atmel_app/7.0/Packs/Atmel/ATmega_DFP/2.0.401/gcc/dev/atmega32/avr5/crtatmega32.o
 .debug_info    0x000004e6      0x318 EXTI_PROGRAM.o
 .debug_info    0x000007fe       0x56 GIE_PROGRAM.o
 .debug_info    0x00000854      0x1d9 GPIO.o
 .debug_info    0x00000a2d      0x2d7 main.o
 .debug_info    0x00000d04       0x40 port_initilal.o

.debug_abbrev   0x00000000      0x746
 *(.debug_abbrev)
 .debug_abbrev  0x00000000      0x4a3 D:/avr _atmel_app/7.0/Packs/Atmel/ATmega_DFP/2.0.401/gcc/dev/atmega32/avr5/crtatmega32.o
 .debug_abbrev  0x000004a3       0xd1 EXTI_PROGRAM.o
 .debug_abbrev  0x00000574       0x2e GIE_PROGRAM.o
 .debug_abbrev  0x000005a2       0xb8 GPIO.o
 .debug_abbrev  0x0000065a       0xbe main.o
 .debug_abbrev  0x00000718       0x2e port_initilal.o

.debug_line     0x00000000      0x860
 *(.debug_line .debug_line.* .debug_line_end)
 .debug_line    0x00000000      0x116 D:/avr _atmel_app/7.0/Packs/Atmel/ATmega_DFP/2.0.401/gcc/dev/atmega32/avr5/crtatmega32.o
 .debug_line    0x00000116      0x366 EXTI_PROGRAM.o
 .debug_line    0x0000047c       0x5c GIE_PROGRAM.o
 .debug_line    0x000004d8      0x214 GPIO.o
 .debug_line    0x000006ec      0x102 main.o
 .debug_line    0x000007ee       0x72 port_initilal.o

.debug_frame    0x00000000      0x2ec
 *(.debug_frame)
 .debug_frame   0x00000000      0x1cc EXTI_PROGRAM.o
 .debug_frame   0x000001cc       0x34 GIE_PROGRAM.o
 .debug_frame   0x00000200       0x74 GPIO.o
 .debug_frame   0x00000274       0x54 main.o
 .debug_frame   0x000002c8       0x24 port_initilal.o

.debug_str      0x00000000      0x585
 *(.debug_str)
 .debug_str     0x00000000      0x196 D:/avr _atmel_app/7.0/Packs/Atmel/ATmega_DFP/2.0.401/gcc/dev/atmega32/avr5/crtatmega32.o
 .debug_str     0x00000196      0x2ac EXTI_PROGRAM.o
                                0x2d3 (size before relaxing)
 .debug_str     0x00000442       0x2a GIE_PROGRAM.o
                                0x104 (size before relaxing)
 .debug_str     0x0000046c       0xc0 GPIO.o
                                0x1ec (size before relaxing)
 .debug_str     0x0000052c       0x44 main.o
                                0x261 (size before relaxing)
 .debug_str     0x00000570       0x15 port_initilal.o
                                0x107 (size before relaxing)

.debug_loc      0x00000000      0x95e
 *(.debug_loc)
 .debug_loc     0x00000000      0x65d EXTI_PROGRAM.o
 .debug_loc     0x0000065d      0x301 GPIO.o

.debug_macinfo
 *(.debug_macinfo)

.debug_weaknames
 *(.debug_weaknames)

.debug_funcnames
 *(.debug_funcnames)

.debug_typenames
 *(.debug_typenames)

.debug_varnames
 *(.debug_varnames)

.debug_pubtypes
 *(.debug_pubtypes)

.debug_ranges   0x00000000      0x100
 *(.debug_ranges)
 .debug_ranges  0x00000000       0x78 EXTI_PROGRAM.o
 .debug_ranges  0x00000078       0x18 GIE_PROGRAM.o
 .debug_ranges  0x00000090       0x38 GPIO.o
 .debug_ranges  0x000000c8       0x28 main.o
 .debug_ranges  0x000000f0       0x10 port_initilal.o

.debug_macro
 *(.debug_macro)
OUTPUT(EXTI.elf elf32-avr)
LOAD linker stubs
